Archive member included to satisfy reference by file (symbol)

C:/Program Files (x86)/GNU Tools ARM Embedded/5.4 2016q2/arm-none-eabi/lib/fpu/libc.a(lib_a-abs.o)
                              Screen.o (abs)
C:/Program Files (x86)/GNU Tools ARM Embedded/5.4 2016q2/arm-none-eabi/lib/fpu/libc.a(lib_a-aeabi_atexit.o)
                              main.o (__aeabi_atexit)
C:/Program Files (x86)/GNU Tools ARM Embedded/5.4 2016q2/arm-none-eabi/lib/fpu/libc.a(lib_a-cxa_atexit.o)
                              C:/Program Files (x86)/GNU Tools ARM Embedded/5.4 2016q2/arm-none-eabi/lib/fpu/libc.a(lib_a-aeabi_atexit.o) (__cxa_atexit)
C:/Program Files (x86)/GNU Tools ARM Embedded/5.4 2016q2/arm-none-eabi/lib/fpu/libc.a(lib_a-init.o)
                              armc-cstartup.o (__libc_init_array)
C:/Program Files (x86)/GNU Tools ARM Embedded/5.4 2016q2/arm-none-eabi/lib/fpu/libc.a(lib_a-isdigit.o)
                              iec_commands.o (isdigit)
C:/Program Files (x86)/GNU Tools ARM Embedded/5.4 2016q2/arm-none-eabi/lib/fpu/libc.a(lib_a-isspace.o)
                              iec_commands.o (isspace)
C:/Program Files (x86)/GNU Tools ARM Embedded/5.4 2016q2/arm-none-eabi/lib/fpu/libc.a(lib_a-malloc.o)
                              armc-cppstubs.o (malloc)
C:/Program Files (x86)/GNU Tools ARM Embedded/5.4 2016q2/arm-none-eabi/lib/fpu/libc.a(lib_a-mallocr.o)
                              C:/Program Files (x86)/GNU Tools ARM Embedded/5.4 2016q2/arm-none-eabi/lib/fpu/libc.a(lib_a-malloc.o) (_malloc_r)
C:/Program Files (x86)/GNU Tools ARM Embedded/5.4 2016q2/arm-none-eabi/lib/fpu/libc.a(lib_a-memcmp.o)
                              DiskImage.o (memcmp)
C:/Program Files (x86)/GNU Tools ARM Embedded/5.4 2016q2/arm-none-eabi/lib/fpu/libc.a(lib_a-memcpy-stub.o)
                              rpi-mailbox-interface.o (memcpy)
C:/Program Files (x86)/GNU Tools ARM Embedded/5.4 2016q2/arm-none-eabi/lib/fpu/libc.a(lib_a-memmove.o)
                              FileBrowser.o (memmove)
C:/Program Files (x86)/GNU Tools ARM Embedded/5.4 2016q2/arm-none-eabi/lib/fpu/libc.a(lib_a-memset.o)
                              keyboard.o (memset)
C:/Program Files (x86)/GNU Tools ARM Embedded/5.4 2016q2/arm-none-eabi/lib/fpu/libc.a(lib_a-mlock.o)
                              C:/Program Files (x86)/GNU Tools ARM Embedded/5.4 2016q2/arm-none-eabi/lib/fpu/libc.a(lib_a-mallocr.o) (__malloc_lock)
C:/Program Files (x86)/GNU Tools ARM Embedded/5.4 2016q2/arm-none-eabi/lib/fpu/libc.a(lib_a-printf.o)
                              main.o (printf)
C:/Program Files (x86)/GNU Tools ARM Embedded/5.4 2016q2/arm-none-eabi/lib/fpu/libc.a(lib_a-rand.o)
                              drive.o (srand)
C:/Program Files (x86)/GNU Tools ARM Embedded/5.4 2016q2/arm-none-eabi/lib/fpu/libc.a(lib_a-realloc.o)
                              Screen.o (realloc)
C:/Program Files (x86)/GNU Tools ARM Embedded/5.4 2016q2/arm-none-eabi/lib/fpu/libc.a(lib_a-reallocr.o)
                              C:/Program Files (x86)/GNU Tools ARM Embedded/5.4 2016q2/arm-none-eabi/lib/fpu/libc.a(lib_a-realloc.o) (_realloc_r)
C:/Program Files (x86)/GNU Tools ARM Embedded/5.4 2016q2/arm-none-eabi/lib/fpu/libc.a(lib_a-reent.o)
                              armc-cstubs.o (errno)
C:/Program Files (x86)/GNU Tools ARM Embedded/5.4 2016q2/arm-none-eabi/lib/fpu/libc.a(lib_a-sbrkr.o)
                              C:/Program Files (x86)/GNU Tools ARM Embedded/5.4 2016q2/arm-none-eabi/lib/fpu/libc.a(lib_a-mallocr.o) (_sbrk_r)
C:/Program Files (x86)/GNU Tools ARM Embedded/5.4 2016q2/arm-none-eabi/lib/fpu/libc.a(lib_a-snprintf.o)
                              main.o (snprintf)
C:/Program Files (x86)/GNU Tools ARM Embedded/5.4 2016q2/arm-none-eabi/lib/fpu/libc.a(lib_a-sprintf.o)
                              DiskImage.o (sprintf)
C:/Program Files (x86)/GNU Tools ARM Embedded/5.4 2016q2/arm-none-eabi/lib/fpu/libc.a(lib_a-strcasecmp.o)
                              iec_commands.o (strcasecmp)
C:/Program Files (x86)/GNU Tools ARM Embedded/5.4 2016q2/arm-none-eabi/lib/fpu/libc.a(lib_a-strcat.o)
                              iec_commands.o (strcat)
C:/Program Files (x86)/GNU Tools ARM Embedded/5.4 2016q2/arm-none-eabi/lib/fpu/libc.a(lib_a-strchr.o)
                              iec_commands.o (strchr)
C:/Program Files (x86)/GNU Tools ARM Embedded/5.4 2016q2/arm-none-eabi/lib/fpu/libc.a(lib_a-strcmp.o)
                              FileBrowser.o (strcmp)
C:/Program Files (x86)/GNU Tools ARM Embedded/5.4 2016q2/arm-none-eabi/lib/fpu/libc.a(lib_a-strcpy.o)
                              DiskImage.o (strcpy)
C:/Program Files (x86)/GNU Tools ARM Embedded/5.4 2016q2/arm-none-eabi/lib/fpu/libc.a(lib_a-strlen-stub.o)
                              iec_commands.o (strlen)
C:/Program Files (x86)/GNU Tools ARM Embedded/5.4 2016q2/arm-none-eabi/lib/fpu/libc.a(lib_a-strncasecmp.o)
                              FileBrowser.o (strncasecmp)
[...]
Memory Configuration

Name             Origin             Length             Attributes
*default*        0x00000000         0xffffffff

Linker script and memory map

                [!provide]                PROVIDE (__executable_start, 0x1f00000)
                0x01f00000                . = 0x1f00000

.interp
 *(.interp)

.note.gnu.build-id
 *(.note.gnu.build-id)

.hash
 *(.hash)

.gnu.hash
 *(.gnu.hash)

.dynsym
 *(.dynsym)

.dynstr
 *(.dynstr)

.gnu.version
 *(.gnu.version)

.gnu.version_d
 *(.gnu.version_d)

.gnu.version_r
 *(.gnu.version_r)

.rel.init
 *(.rel.init)

.rela.init
 *(.rela.init)

.rel.text
 *(.rel.text .rel.text.* .rel.gnu.linkonce.t.*)

.rela.text
 *(.rela.text .rela.text.* .rela.gnu.linkonce.t.*)

.rel.fini
 *(.rel.fini)

.rela.fini
 *(.rela.fini)

.rel.rodata
 *(.rel.rodata .rel.rodata.* .rel.gnu.linkonce.r.*)

.rela.rodata
 *(.rela.rodata .rela.rodata.* .rela.gnu.linkonce.r.*)

.rel.data.rel.ro
 *(.rel.data.rel.ro* .rel.gnu.linkonce.d.rel.ro.*)

.rela.data.rel.ro
 *(.rela.data.rel.ro* .rela.gnu.linkonce.d.rel.ro.*)

.rel.data
 *(.rel.data .rel.data.* .rel.gnu.linkonce.d.*)

.rela.data
 *(.rela.data .rela.data.* .rela.gnu.linkonce.d.*)

.rel.tdata
 *(.rel.tdata .rel.tdata.* .rel.gnu.linkonce.td.*)

.rela.tdata
 *(.rela.tdata .rela.tdata.* .rela.gnu.linkonce.td.*)

.rel.tbss
 *(.rel.tbss .rel.tbss.* .rel.gnu.linkonce.tb.*)

.rela.tbss
 *(.rela.tbss .rela.tbss.* .rela.gnu.linkonce.tb.*)

.rel.ctors
 *(.rel.ctors)

.rela.ctors
 *(.rela.ctors)

.rel.dtors
 *(.rel.dtors)

.rela.dtors
 *(.rela.dtors)

.rel.got
 *(.rel.got)

.rela.got
 *(.rela.got)

.rel.bss
 *(.rel.bss .rel.bss.* .rel.gnu.linkonce.b.*)

.rela.bss
 *(.rela.bss .rela.bss.* .rela.gnu.linkonce.b.*)

.rel.iplt       0x01f00000        0x0
                [!provide]                PROVIDE (__rel_iplt_start, .)
 *(.rel.iplt)
 .rel.iplt      0x01f00000        0x0 armc-start.o
                [!provide]                PROVIDE (__rel_iplt_end, .)

.rela.iplt      0x01f00000        0x0
                [!provide]                PROVIDE (__rela_iplt_start, .)
 *(.rela.iplt)
                [!provide]                PROVIDE (__rela_iplt_end, .)

.rel.plt
 *(.rel.plt)

.rela.plt
 *(.rela.plt)

.init
 *(.init)

.plt
 *(.plt)

.iplt           0x01f00000        0x0
 *(.iplt)
 .iplt          0x01f00000        0x0 armc-start.o

.text           0x01f00000    0x58008
 *(.text.startup .text.startup.*)
 .text.startup  0x01f00000       0x40 armc-start.o
                0x01f00000                _start
 .text.startup._GLOBAL__sub_I_versionMajor
                0x01f00040       0xa0 main.o
 *(.text.unlikely .text.*_unlikely)
 *(.text.exit .text.exit.*)
 *(.text.hot .text.hot.*)
 *(.text .stub .text.* .gnu.linkonce.t.*)
 .text          0x01f000e0        0x0 armc-start.o
 .text._reset_  0x01f000e0       0xc0 armc-start.o
 .text._get_stack_pointer
                0x01f001a0        0x8 armc-start.o
                0x01f001a0                _get_stack_pointer
 .text._get_cpsr
                0x01f001a8        0x8 armc-start.o
                0x01f001a8                _get_cpsr
 .text._enable_interrupts
                0x01f001b0       0x10 armc-start.o
                0x01f001b0                _enable_interrupts
 .text._disable_interrupts
                0x01f001c0       0x10 armc-start.o
                0x01f001c0                _disable_interrupts
 .text._undefined_instruction_handler_
                0x01f001d0       0x14 armc-start.o
 .text._prefetch_abort_handler_
                0x01f001e4       0x14 armc-start.o
 .text._data_abort_handler_
                0x01f001f8       0x14 armc-start.o
 .text._swi_handler_
                0x01f0020c       0x14 armc-start.o
 .text._enable_unaligned_access
                0x01f00220       0x14 armc-start.o
                0x01f00220                _enable_unaligned_access
 .text._enable_l1_cache
                0x01f00234       0x18 armc-start.o
                0x01f00234                _enable_l1_cache
 .text._invalidate_icache
                0x01f0024c        0xc armc-start.o
                0x01f0024c                _invalidate_icache
 .text._invalidate_dcache
                0x01f00258        0xc armc-start.o
                0x01f00258                _invalidate_dcache
 .text._clean_invalidate_dcache
                0x01f00264        0xc armc-start.o
                0x01f00264                _clean_invalidate_dcache
 .text._invalidate_dcache_mva
                0x01f00270        0x8 armc-start.o
                0x01f00270                _invalidate_dcache_mva
 .text._clean_invalidate_dcache_mva
                0x01f00278        0x8 armc-start.o
                0x01f00278                _clean_invalidate_dcache_mva
 .text._invalidate_dtlb
                0x01f00280        0xc armc-start.o
                0x01f00280                _invalidate_dtlb
 .text._invalidate_dtlb_mva
                0x01f0028c        0x8 armc-start.o
                0x01f0028c                _invalidate_dtlb_mva
 .text._data_memory_barrier
                0x01f00294       0xec armc-start.o
                0x01f00294                _data_memory_barrier
                0x01f0029c                _init_core
                0x01f0032c                _spin_core
                0x01f00370                _get_core
 .text._toggle_test_pin
                0x01f00380       0x28 armc-start.o
                0x01f00380                _toggle_test_pin
 .text          0x01f003a8        0x0 armc-cstartup.o
 .text._init    0x01f003a8        0x4 armc-cstartup.o
                0x01f003a8                _init
 .text._cstartup
                0x01f003ac      0x174 armc-cstartup.o
                0x01f003ac                _cstartup
 .text          0x01f00520        0x0 armc-cstubs.o
 .text._exit    0x01f00520        0x4 armc-cstubs.o
                0x01f00520                _exit
 .text._close   0x01f00524        0x8 armc-cstubs.o
                0x01f00524                _close
 .text.execve   0x01f0052c       0x18 armc-cstubs.o
                0x01f0052c                execve
 .text.fork     0x01f00544       0x18 armc-cstubs.o
                0x01f00544                fork
 .text._fstat   0x01f0055c       0x10 armc-cstubs.o
                0x01f0055c                _fstat
 .text.getpid   0x01f0056c        0x8 armc-cstubs.o
                0x01f0056c                getpid
 .text._getpid  0x01f00574        0x8 armc-cstubs.o
                0x01f00574                _getpid
 .text._isatty  0x01f0057c        0x8 armc-cstubs.o
                0x01f0057c                _isatty
 .text.kill     0x01f00584       0x18 armc-cstubs.o
                0x01f00584                kill
 .text._kill    0x01f0059c       0x18 armc-cstubs.o
                0x01f0059c                _kill
 .text.link     0x01f005b4       0x18 armc-cstubs.o
                0x01f005b4                link
 .text._lseek   0x01f005cc        0x8 armc-cstubs.o
                0x01f005cc                _lseek
 .text.open     0x01f005d4        0x8 armc-cstubs.o
                0x01f005d4                open
 .text._read    0x01f005dc        0x8 armc-cstubs.o
                0x01f005dc                _read
 .text._sbrk    0x01f005e4       0x2c armc-cstubs.o
                0x01f005e4                _sbrk
 .text.stat     0x01f00610       0x10 armc-cstubs.o
                0x01f00610                stat
 .text.times    0x01f00620        0x8 armc-cstubs.o
                0x01f00620                times
 .text.unlink   0x01f00628       0x18 armc-cstubs.o
                0x01f00628                unlink
 .text.wait     0x01f00640       0x18 armc-cstubs.o
                0x01f00640                wait
 .text.outbyte  0x01f00658        0x4 armc-cstubs.o
                0x01f00658                outbyte
 .text._write   0x01f0065c       0x2c armc-cstubs.o
                0x01f0065c                _write
 .text          0x01f00688        0x0 armc-cppstubs.o
 .text._Znwj    0x01f00688        0x4 armc-cppstubs.o
                0x01f00688                operator new(unsigned int)
 .text._ZdlPv   0x01f0068c        0x4 armc-cppstubs.o
                0x01f0068c                operator delete(void*)
 .text._ZSt17__throw_bad_allocv
                0x01f00690        0x4 armc-cppstubs.o
                0x01f00690                std::__throw_bad_alloc()
 .text._ZSt20__throw_length_errorPKc
                0x01f00694        0x4 armc-cppstubs.o
                0x01f00694                std::__throw_length_error(char const*)
 .text          0x01f00698        0x0 exception.o
 .text.reboot_now
                0x01f00698       0x24 exception.o
                0x01f00698                reboot_now
 .text.dump_digit
                0x01f006bc       0x14 exception.o
                0x01f006bc                dump_digit
 .text.dump_hex
                0x01f006d0       0x30 exception.o
                0x01f006d0                dump_hex
 .text.dump_binary
                0x01f00700       0x28 exception.o
                0x01f00700                dump_binary
 .text.dump_string
                0x01f00728       0x28 exception.o
                0x01f00728                dump_string
 .text.dump_info
                0x01f00750      0x464 exception.o
                0x01f00750                dump_info
 .text.undefined_instruction_handler
                0x01f00bb4       0x10 exception.o
                0x01f00bb4                undefined_instruction_handler
 .text.prefetch_abort_handler
                0x01f00bc4       0x10 exception.o
                0x01f00bc4                prefetch_abort_handler
 .text.data_abort_handler
                0x01f00bd4       0x10 exception.o
                0x01f00bd4                data_abort_handler
 .text.swi_handler
                0x01f00be4       0x10 exception.o
                0x01f00be4                swi_handler
 .text          0x01f00bf4        0x0 main.o
 .text._ZN7IEC_Bus15PortB_OnPortOutEPvh
                0x01f00bf4      0x17c main.o
                0x01f00bf4                IEC_Bus::PortB_OnPortOut(void*, unsigned char)
 .text._Z9write6502th
                0x01f00d70       0x60 main.o
                0x01f00d70                write6502(unsigned short, unsigned char)
 .text._ZN9DiskCaddyD2Ev
                0x01f00dd0       0x20 main.o
                0x01f00dd0                DiskCaddy::~DiskCaddy()
                0x01f00dd0                DiskCaddy::~DiskCaddy()
 .text._Z17write6502ExtraRAMth
                0x01f00df0       0x54 main.o
                0x01f00df0                write6502ExtraRAM(unsigned short, unsigned char)
 .text._ZL16AttemptToLoadROMPc
                0x01f00e44       0xd8 main.o
 .text._Z8read6502t
                0x01f00f1c       0x80 main.o
                0x01f00f1c                read6502(unsigned short)
 .text._Z16read6502ExtraRAMt
                0x01f00f9c       0x64 main.o
                0x01f00f9c                read6502ExtraRAM(unsigned short)
 .text._ZN7IEC_Bus10InitialiseEv
                0x01f01000      0x288 main.o
                0x01f01000                IEC_Bus::Initialise()
 .text.LogWrite
                0x01f01288       0x30 main.o
                0x01f01288                LogWrite
 .text.GetMACAddress
                0x01f012b8       0x70 main.o
                0x01f012b8                GetMACAddress
 .text.SetPowerStateOn
                0x01f01328       0x54 main.o
                0x01f01328                SetPowerStateOn
 .text.usDelay  0x01f0137c       0x34 main.o
                0x01f0137c                usDelay
 .text.MsDelay  0x01f013b0       0x3c main.o
                0x01f013b0                MsDelay
 .text.StartKernelTimer
                0x01f013ec        0x4 main.o
                0x01f013ec                StartKernelTimer
 .text.CancelKernelTimer
                0x01f013f0        0x4 main.o
                0x01f013f0                CancelKernelTimer
 .text.ConnectInterrupt
                0x01f013f4        0x4 main.o
                0x01f013f4                ConnectInterrupt
 .text.get_fattime
                0x01f013f8        0x8 main.o
                0x01f013f8                get_fattime
 .text._Z8peek6502t
                0x01f01400       0x80 main.o
                0x01f01400                peek6502(unsigned short)
 .text._Z18InitialiseHardwarev
                0x01f01480       0x84 main.o
                0x01f01480                InitialiseHardware()
 .text._Z12UpdateScreenv
                0x01f01504      0x518 main.o
                0x01f01504                UpdateScreen()
 .text._Z14BeginEmulatingP11FileBrowserPKc
                0x01f01a1c       0x80 main.o
                0x01f01a1c                BeginEmulating(FileBrowser*, char const*)
 .text._ZN9SingletonI8KeyboardE8InstanceEv
                0x01f01a9c       0x34 main.o
                0x01f01a9c                Singleton<Keyboard>::Instance()
 .text._ZN9SingletonI13InputMappingsE8InstanceEv
                0x01f01ad0       0x34 main.o
                0x01f01ad0                Singleton<InputMappings>::Instance()
 .text.kernel_main
                0x01f01b04      0x92c main.o
                0x01f01b04                kernel_main
 .text._Z8emulatorv
                0x01f02430     0x131c main.o
                0x01f02430                emulator()
 .text.run_core
                0x01f0374c       0x24 main.o
                0x01f0374c                run_core
 .text          0x01f03770        0x0 rpi-aux.o
 .text.RPI_GetAux
                0x01f03770        0xc rpi-aux.o
                0x01f03770                RPI_GetAux
 .text.RPI_AuxMiniUartInit
                0x01f0377c      0x17c rpi-aux.o
                0x01f0377c                RPI_AuxMiniUartInit
 .text.RPI_AuxMiniUartWrite
                0x01f038f8       0x24 rpi-aux.o
                0x01f038f8                RPI_AuxMiniUartWrite
 .text.RPI_EnableUart
                0x01f0391c       0x24 rpi-aux.o
                0x01f0391c                RPI_EnableUart
 .text          0x01f03940        0x0 rpi-mailbox-interface.o
 .text.RPI_PropertyInit
                0x01f03940       0x30 rpi-mailbox-interface.o
                0x01f03940                RPI_PropertyInit
 .text.RPI_PropertyAddTag
                0x01f03970      0x658 rpi-mailbox-interface.o
                0x01f03970                RPI_PropertyAddTag
 .text.RPI_PropertyProcess
                0x01f03fc8       0x44 rpi-mailbox-interface.o
                0x01f03fc8                RPI_PropertyProcess
 .text.RPI_PropertyProcessNoCheck
                0x01f0400c       0x34 rpi-mailbox-interface.o
                0x01f0400c                RPI_PropertyProcessNoCheck
 .text.RPI_PropertyGet
                0x01f04040       0x94 rpi-mailbox-interface.o
                0x01f04040                RPI_PropertyGet
 .text          0x01f040d4        0x0 rpi-mailbox.o
 .text.RPI_Mailbox0Write
                0x01f040d4       0x2c rpi-mailbox.o
                0x01f040d4                RPI_Mailbox0Write
 .text.RPI_Mailbox0Read
                0x01f04100       0x40 rpi-mailbox.o
                0x01f04100                RPI_Mailbox0Read
 .text.RPI_Mailbox0Flush
                0x01f04140       0x34 rpi-mailbox.o
                0x01f04140                RPI_Mailbox0Flush
 .text          0x01f04174        0x0 rpi-gpio.o
 .text.RPI_SetGpioPinFunction
                0x01f04174       0x70 rpi-gpio.o
                0x01f04174                RPI_SetGpioPinFunction
 .text.RPI_SetGpioOutput
                0x01f041e4       0x74 rpi-gpio.o
                0x01f041e4                RPI_SetGpioOutput
 .text.RPI_SetGpioInput
                0x01f04258       0x6c rpi-gpio.o
                0x01f04258                RPI_SetGpioInput
 .text.RPI_GetGpioValue
                0x01f042c4       0x70 rpi-gpio.o
                0x01f042c4                RPI_GetGpioValue
 .text.RPI_ToggleGpio
                0x01f04334       0xb8 rpi-gpio.o
                0x01f04334                RPI_ToggleGpio
 .text.RPI_SetGpioHi
                0x01f043ec       0x4c rpi-gpio.o
                0x01f043ec                RPI_SetGpioHi
 .text.RPI_SetGpioLo
                0x01f04438       0x4c rpi-gpio.o
                0x01f04438                RPI_SetGpioLo
 .text.RPI_SetGpioValue
                0x01f04484       0xb0 rpi-gpio.o
                0x01f04484                RPI_SetGpioValue
 .text.EnableGpioDetect
                0x01f04534      0x1d8 rpi-gpio.o
                0x01f04534                EnableGpioDetect
 .text.DisableGpioDetect
                0x01f0470c      0x1dc rpi-gpio.o
                0x01f0470c                DisableGpioDetect
 .text.ClearGpioEvent
                0x01f048e8       0x30 rpi-gpio.o
                0x01f048e8                ClearGpioEvent
 .text.SetACTLed
                0x01f04918       0x78 rpi-gpio.o
                0x01f04918                SetACTLed
 .text.RPI_TouchInit
                0x01f04990       0x44 rpi-gpio.o
                0x01f04990                RPI_TouchInit
 .text.RPI_UpdateTouch
                0x01f049d4       0x18 rpi-gpio.o
                0x01f049d4                RPI_UpdateTouch
 .text.RPI_GpioVirtGetAddress
                0x01f049ec       0x10 rpi-gpio.o
                0x01f049ec                RPI_GpioVirtGetAddress
 .text.RPI_GpioVirtInit
                0x01f049fc       0x44 rpi-gpio.o
                0x01f049fc                RPI_GpioVirtInit
 .text.RPI_GpioVirtSetLed
                0x01f04a40       0x78 rpi-gpio.o
                0x01f04a40                RPI_GpioVirtSetLed
 .text          0x01f04ab8        0x0 rpi-interrupts.o
 .text.RPI_GetIrqController
                0x01f04ab8        0xc rpi-interrupts.o
                0x01f04ab8                RPI_GetIrqController
 .text          0x01f04ac4        0x0 cache.o
 .text.InvalidateDataCache
                0x01f04ac4       0xc8 cache.o
                0x01f04ac4                InvalidateDataCache
 .text.CleanDataCache
                0x01f04b8c       0xc8 cache.o
                0x01f04b8c                CleanDataCache
 .text.map_4k_page
                0x01f04c54       0x2c cache.o
                0x01f04c54                map_4k_page
 .text.enable_MMU_and_IDCaches
                0x01f04c80      0x1fc cache.o
                0x01f04c80                enable_MMU_and_IDCaches
 .text          0x01f04e7c        0x0 ff.o
 .text._ZL16pattern_matchingPKcS0_ii
                0x01f04e7c      0x164 ff.o
 .text.unlikely._ZL11sync_windowP5FATFS.part.3
                0x01f04fe0       0x84 ff.o
 .text._ZL12get_fileinfoP3DIRP7FILINFO
                0x01f05064      0x4b0 ff.o
 .text._ZL8check_fsP5FATFSm
                0x01f05514      0x134 ff.o
 .text.unlikely._ZL11move_windowP5FATFSm
                0x01f05648       0xc8 ff.o
 .text._ZL11find_volumePPKcPP5FATFSh
                0x01f05710      0xaac ff.o
 .text._ZL7sync_fsP5FATFS
                0x01f061bc      0x3e4 ff.o
 .text._ZL7put_fatP5FATFSmm.part.5
                0x01f065a0      0x458 ff.o
 .text._ZL12remove_chainP5_FDIDmm
                0x01f069f8      0x864 ff.o
 .text._ZL7get_fatP5_FDIDm
                0x01f0725c      0x51c ff.o
 .text._ZL12create_chainP5_FDIDm
                0x01f07778      0xa04 ff.o
 .text._ZL8dir_nextP3DIRi.constprop.17
                0x01f0817c       0xfc ff.o
 .text._ZL7dir_sdiP3DIRm
                0x01f08278      0x6d4 ff.o
 .text._ZL9dir_allocP3DIRj
                0x01f0894c      0x608 ff.o
 .text._ZL10store_xdirP3DIR
                0x01f08f54      0x5d0 ff.o
 .text._ZL10dir_removeP3DIR
                0x01f09524      0x220 ff.o
 .text._ZL9load_xdirP3DIR
                0x01f09744      0xd74 ff.o
 .text._ZL8dir_readP3DIRi.constprop.10
                0x01f0a4b8      0x6c0 ff.o
 .text._ZL8dir_findP3DIR
                0x01f0ab78      0x554 ff.o
 .text._ZL12dir_registerP3DIR
                0x01f0b0cc     0x14b0 ff.o
 .text._ZL11follow_pathP3DIRPKc
                0x01f0c57c      0x6cc ff.o
 .text.f_mount  0x01f0cc48       0xcc ff.o
                0x01f0cc48                f_mount
 .text.f_open   0x01f0cd14      0x874 ff.o
                0x01f0cd14                f_open
 .text.f_read   0x01f0d588      0x9dc ff.o
                0x01f0d588                f_read
 .text.f_write  0x01f0df64      0x9f0 ff.o
                0x01f0df64                f_write
 .text.f_sync   0x01f0e954      0x454 ff.o
                0x01f0e954                f_sync
 .text.f_close  0x01f0eda8      0x494 ff.o
                0x01f0eda8                f_close
 .text.f_chdir  0x01f0f23c      0x128 ff.o
                0x01f0f23c                f_chdir
 .text.f_getcwd
                0x01f0f364      0x3c8 ff.o
                0x01f0f364                f_getcwd
 .text.f_lseek  0x01f0f72c      0x3c4 ff.o
                0x01f0f72c                f_lseek
 .text.f_opendir
                0x01f0faf0      0x1cc ff.o
                0x01f0faf0                f_opendir
 .text.f_closedir
                0x01f0fcbc       0x58 ff.o
                0x01f0fcbc                f_closedir
 .text.f_readdir
                0x01f0fd14      0x17c ff.o
                0x01f0fd14                f_readdir
 .text.f_findnext
                0x01f0fe90      0x188 ff.o
                0x01f0fe90                f_findnext
 .text.f_findfirst
                0x01f10018      0x1dc ff.o
                0x01f10018                f_findfirst
 .text.f_stat   0x01f101f4       0x78 ff.o
                0x01f101f4                f_stat
 .text.f_getfree
                0x01f1026c      0x398 ff.o
                0x01f1026c                f_getfree
 .text.f_truncate
                0x01f10604      0x180 ff.o
                0x01f10604                f_truncate
 .text.f_unlink
                0x01f10784      0x20c ff.o
                0x01f10784                f_unlink
 .text.f_mkdir  0x01f10990      0xcbc ff.o
                0x01f10990                f_mkdir
 .text.f_rename
                0x01f1164c      0x420 ff.o
                0x01f1164c                f_rename
 .text.f_chmod  0x01f11a6c       0xcc ff.o
                0x01f11a6c                f_chmod
 .text.f_utime  0x01f11b38       0xf0 ff.o
                0x01f11b38                f_utime
 .text.ff_convert
                0x01f11c28        0x4 ff.o
                0x01f11c28                ff_convert
 .text.ff_wtoupper
                0x01f11c2c        0x4 ff.o
                0x01f11c2c                ff_wtoupper
 .text          0x01f11c30        0x0 interrupt.o
 .text.InterruptSystemInitialize
                0x01f11c30       0x4c interrupt.o
                0x01f11c30                InterruptSystemInitialize
 .text.InterruptSystemConnectIRQ
                0x01f11c7c       0x5c interrupt.o
                0x01f11c7c                InterruptSystemConnectIRQ
 .text.InterruptSystemDisconnectIRQ
                0x01f11cd8       0x60 interrupt.o
                0x01f11cd8                InterruptSystemDisconnectIRQ
 .text.InterruptSystemEnableIRQ
                0x01f11d38       0x44 interrupt.o
                0x01f11d38                InterruptSystemEnableIRQ
 .text.InterruptSystemDisableIRQ
                0x01f11d7c       0x44 interrupt.o
                0x01f11d7c                InterruptSystemDisableIRQ
 .text.InterruptHandler
                0x01f11dc0      0x160 interrupt.o
                0x01f11dc0                InterruptHandler
 .text          0x01f11f20        0x0 keyboard.o
 .text._ZN9SingletonI8KeyboardED2Ev
                0x01f11f20        0x4 keyboard.o
                0x01f11f20                Singleton<Keyboard>::~Singleton()
                0x01f11f20                Singleton<Keyboard>::~Singleton()
 .text._ZN8KeyboardD2Ev
                0x01f11f24        0x4 keyboard.o
                0x01f11f24                Keyboard::~Keyboard()
                0x01f11f24                Keyboard::~Keyboard()
 .text._ZN8KeyboardD0Ev
                0x01f11f28       0x14 keyboard.o
                0x01f11f28                Keyboard::~Keyboard()
 .text._ZN9SingletonI8KeyboardED0Ev
                0x01f11f3c       0x14 keyboard.o
                0x01f11f3c                Singleton<Keyboard>::~Singleton()
 .text._ZN8Keyboard29USBKeyboardDeviceTimerHandlerEjPvS0_
                0x01f11f50      0x160 keyboard.o
                0x01f11f50                Keyboard::USBKeyboardDeviceTimerHandler(unsigned int, void*, void*)
 .text._ZN8Keyboard20KeyPressedHandlerRawEP18TUSBKeyboardDevicehPKh
                0x01f120b0      0x370 keyboard.o
                0x01f120b0                Keyboard::KeyPressedHandlerRaw(TUSBKeyboardDevice*, unsigned char, unsigned char const*)
 .text._ZN8KeyboardC2Ev
                0x01f12420       0x5c keyboard.o
                0x01f12420                Keyboard::Keyboard()
                0x01f12420                Keyboard::Keyboard()
 .text          0x01f1247c        0x0 Pi1541.o
 .text._ZN6Pi1541C2Ev
                0x01f1247c       0x48 Pi1541.o
                0x01f1247c                Pi1541::Pi1541()
                0x01f1247c                Pi1541::Pi1541()
 .text._ZN6Pi154110InitialiseEv
                0x01f124c4       0x10 Pi1541.o
                0x01f124c4                Pi1541::Initialise()
 .text._ZN6Pi15416UpdateEv
                0x01f124d4       0x30 Pi1541.o
                0x01f124d4                Pi1541::Update()
 .text._ZN6Pi15415ResetEv
                0x01f12504      0x1ac Pi1541.o
                0x01f12504                Pi1541::Reset()
 .text          0x01f126b0        0x0 DiskImage.o
 .text._ZN9DiskImage8WriteNIBEv.part.1
                0x01f126b0      0x194 DiskImage.o
 .text._ZN9DiskImage8WriteNBZEv.part.2
                0x01f12844      0x134 DiskImage.o
 .text._ZN9DiskImage8WriteG64Ev.part.0
                0x01f12978      0x33c DiskImage.o
 .text._ZN9DiskImageC2Ev
                0x01f12cb4       0x34 DiskImage.o
                0x01f12cb4                DiskImage::DiskImage()
                0x01f12cb4                DiskImage::DiskImage()
 .text._ZN9DiskImage9DumpTrackEj
                0x01f12ce8       0x64 DiskImage.o
                0x01f12ce8                DiskImage::DumpTrack(unsigned int)
 .text._ZN9DiskImage8WriteG64Ev
                0x01f12d4c       0x18 DiskImage.o
                0x01f12d4c                DiskImage::WriteG64()
 .text._ZN9DiskImage8CloseG64Ev
                0x01f12d64       0x3c DiskImage.o
                0x01f12d64                DiskImage::CloseG64()
 .text._ZN9DiskImage8WriteNIBEv
                0x01f12da0       0x18 DiskImage.o
                0x01f12da0                DiskImage::WriteNIB()
 .text._ZN9DiskImage8CloseNIBEv
                0x01f12db8       0x3c DiskImage.o
                0x01f12db8                DiskImage::CloseNIB()
 .text._ZN9DiskImage8WriteNBZEv
                0x01f12df4       0x18 DiskImage.o
                0x01f12df4                DiskImage::WriteNBZ()
 .text._ZN9DiskImage8CloseNBZEv
                0x01f12e0c       0x3c DiskImage.o
                0x01f12e0c                DiskImage::CloseNBZ()
 .text._ZN9DiskImage28GetDiskImageTypeViaExtentionEPKc
                0x01f12e48      0x124 DiskImage.o
                0x01f12e48                DiskImage::GetDiskImageTypeViaExtention(char const*)
 .text._ZN9DiskImage20IsDiskImageExtentionEPKc
                0x01f12f6c      0x114 DiskImage.o
                0x01f12f6c                DiskImage::IsDiskImageExtention(char const*)
 .text._ZN9DiskImage14IsLSTExtentionEPKc
                0x01f13080       0x54 DiskImage.o
                0x01f13080                DiskImage::IsLSTExtention(char const*)
 .text._ZN9DiskImage11DecodeBlockEjiPhi
                0x01f130d4      0x160 DiskImage.o
                0x01f130d4                DiskImage::DecodeBlock(unsigned int, int, unsigned char*, int)
 .text._ZN9DiskImage8FindSyncEjiiPi
                0x01f13234       0xc0 DiskImage.o
                0x01f13234                DiskImage::FindSync(unsigned int, int, int, int*)
 .text._ZN9DiskImage16FindSectorHeaderEjjPh
                0x01f132f4      0x290 DiskImage.o
                0x01f132f4                DiskImage::FindSectorHeader(unsigned int, unsigned int, unsigned char*)
 .text._ZN9DiskImage13ConvertSectorEjjPh
                0x01f13584      0x430 DiskImage.o
                0x01f13584                DiskImage::ConvertSector(unsigned int, unsigned int, unsigned char*)
 .text._ZN9DiskImage16GetDecodedSectorEjjPh
                0x01f139b4       0x30 DiskImage.o
                0x01f139b4                DiskImage::GetDecodedSector(unsigned int, unsigned int, unsigned char*)
 .text._ZN9DiskImage8WriteD64Ev.part.3
                0x01f139e4      0x1b0 DiskImage.o
 .text._ZN9DiskImage8WriteD64Ev
                0x01f13b94       0x18 DiskImage.o
                0x01f13b94                DiskImage::WriteD64()
 .text._ZN9DiskImage8CloseD64Ev
                0x01f13bac       0x3c DiskImage.o
                0x01f13bac                DiskImage::CloseD64()
 .text._ZN9DiskImage5CloseEv
                0x01f13be8       0xf0 DiskImage.o
                0x01f13be8                DiskImage::Close()
 .text._ZN9DiskImage7OpenD64EPK7FILINFOPhj
                0x01f13cd8      0x168 DiskImage.o
                0x01f13cd8                DiskImage::OpenD64(FILINFO const*, unsigned char*, unsigned int)
 .text._ZN9DiskImage7OpenG64EPK7FILINFOPhj
                0x01f13e40      0x10c DiskImage.o
                0x01f13e40                DiskImage::OpenG64(FILINFO const*, unsigned char*, unsigned int)
 .text._ZN9DiskImage7OpenNIBEPK7FILINFOPhj
                0x01f13f4c      0x15c DiskImage.o
                0x01f13f4c                DiskImage::OpenNIB(FILINFO const*, unsigned char*, unsigned int)
 .text._ZN9DiskImage7OpenNBZEPK7FILINFOPhj
                0x01f140a8      0x144 DiskImage.o
                0x01f140a8                DiskImage::OpenNBZ(FILINFO const*, unsigned char*, unsigned int)
 .text._ZN9DiskImage5GetIDEjPh
                0x01f141ec       0x1c DiskImage.o
                0x01f141ec                DiskImage::GetID(unsigned int, unsigned char*)
 .text._ZN9DiskImage13LastTrackUsedEv
                0x01f14208       0x34 DiskImage.o
                0x01f14208                DiskImage::LastTrackUsed()
 .text          0x01f1423c        0x0 iec_bus.o
 .text._ZN7IEC_Bus4ReadEv
                0x01f1423c      0x668 iec_bus.o
                0x01f1423c                IEC_Bus::Read()
 .text          0x01f148a4        0x0 iec_commands.o
 .text._ZL9ParseNamePKcPcbb.constprop.17
                0x01f148a4      0x18c iec_commands.o
 .text._ZN12IEC_Commands18WriteIECSerialPortEhb.part.7
                0x01f14a30      0x89c iec_commands.o
 .text._ZN7IEC_Bus11RefreshOutsEv
                0x01f152cc      0x228 iec_commands.o
                0x01f152cc                IEC_Bus::RefreshOuts()
 .text._ZN12IEC_Commands17ReadIECSerialPortERh.part.8
                0x01f154f4      0x71c iec_commands.o
 .text._Z5Errorhhh
                0x01f15c10      0x1fc iec_commands.o
                0x01f15c10                Error(unsigned char, unsigned char, unsigned char)
 .text._ZN12IEC_Commands7Channel5CloseEv
                0x01f15e0c       0x68 iec_commands.o
                0x01f15e0c                IEC_Commands::Channel::Close()
 .text._ZN12IEC_CommandsC2Ev
                0x01f15e74       0xe8 iec_commands.o
                0x01f15e74                IEC_Commands::IEC_Commands()
                0x01f15e74                IEC_Commands::IEC_Commands()
 .text._ZN12IEC_Commands5ResetEv
                0x01f15f5c       0xd0 iec_commands.o
                0x01f15f5c                IEC_Commands::Reset()
 .text._ZN12IEC_Commands16CloseAllChannelsEv
                0x01f1602c       0x7c iec_commands.o
                0x01f1602c                IEC_Commands::CloseAllChannels()
 .text._ZN12IEC_Commands8CheckATNEv
                0x01f160a8       0x44 iec_commands.o
                0x01f160a8                IEC_Commands::CheckATN()
 .text._ZN12IEC_Commands18WriteIECSerialPortEhb
                0x01f160ec      0x1a4 iec_commands.o
                0x01f160ec                IEC_Commands::WriteIECSerialPort(unsigned char, bool)
 .text._ZN12IEC_Commands17ReadIECSerialPortERh
                0x01f16290       0x80 iec_commands.o
                0x01f16290                IEC_Commands::ReadIECSerialPort(unsigned char&)
 .text._ZN12IEC_Commands16SimulateIECBeginEv
                0x01f16310      0x1c4 iec_commands.o
                0x01f16310                IEC_Commands::SimulateIECBegin()
 .text._ZN12IEC_Commands5EnterER3DIRR7FILINFO
                0x01f164d4       0xb8 iec_commands.o
                0x01f164d4                IEC_Commands::Enter(DIR&, FILINFO&)
 .text._ZN12IEC_Commands2CDEiPc
                0x01f1658c      0x3d4 iec_commands.o
                0x01f1658c                IEC_Commands::CD(int, char*)
 .text._ZN12IEC_Commands5MKDirEiPc
                0x01f16960       0xd4 iec_commands.o
                0x01f16960                IEC_Commands::MKDir(int, char*)
 .text._ZN12IEC_Commands5RMDirEv
                0x01f16a34      0x148 iec_commands.o
                0x01f16a34                IEC_Commands::RMDir()
 .text._ZN12IEC_Commands13FolderCommandEv
                0x01f16b7c      0x14c iec_commands.o
                0x01f16b7c                IEC_Commands::FolderCommand()
 .text._ZN12IEC_Commands4CopyEv
                0x01f16cc8      0x2c8 iec_commands.o
                0x01f16cc8                IEC_Commands::Copy()
 .text._ZN12IEC_Commands6MemoryEv
                0x01f16f90      0x108 iec_commands.o
                0x01f16f90                IEC_Commands::Memory()
 .text._ZN12IEC_Commands3NewEv
                0x01f17098      0x458 iec_commands.o
                0x01f17098                IEC_Commands::New()
 .text._ZN12IEC_Commands6RenameEv
                0x01f174f0      0x1d4 iec_commands.o
                0x01f174f0                IEC_Commands::Rename()
 .text._ZN12IEC_Commands7ScratchEv
                0x01f176c4      0x144 iec_commands.o
                0x01f176c4                IEC_Commands::Scratch()
 .text._ZN12IEC_Commands4UserEv
                0x01f17808      0x148 iec_commands.o
                0x01f17808                IEC_Commands::User()
 .text._ZN12IEC_Commands14ProcessCommandEv
                0x01f17950      0x1fc iec_commands.o
                0x01f17950                IEC_Commands::ProcessCommand()
 .text._ZN12IEC_Commands9FindFirstER3DIRPKcR7FILINFO
                0x01f17b4c       0xc0 iec_commands.o
                0x01f17b4c                IEC_Commands::FindFirst(DIR&, char const*, FILINFO&)
 .text._ZN12IEC_Commands10SendBufferERNS_7ChannelEb
                0x01f17c0c      0x244 iec_commands.o
                0x01f17c0c                IEC_Commands::SendBuffer(IEC_Commands::Channel&, bool)
 .text._ZN12IEC_Commands8LoadFileEv
                0x01f17e50      0x2b4 iec_commands.o
                0x01f17e50                IEC_Commands::LoadFile()
 .text._ZN12IEC_Commands8SaveFileEv
                0x01f18104       0xfc iec_commands.o
                0x01f18104                IEC_Commands::SaveFile()
 .text._ZN12IEC_Commands9SendErrorEv
                0x01f18200      0x1ec iec_commands.o
                0x01f18200                IEC_Commands::SendError()
 .text._ZN12IEC_Commands17AddDirectoryEntryERNS_7ChannelEPKcti
                0x01f183ec      0x2ec iec_commands.o
                0x01f183ec                IEC_Commands::AddDirectoryEntry(IEC_Commands::Channel&, char const*, unsigned short, int)
 .text._ZN12IEC_Commands13LoadDirectoryEv
                0x01f186d8      0x788 iec_commands.o
                0x01f186d8                IEC_Commands::LoadDirectory()
 .text._ZN12IEC_Commands8OpenFileEv
                0x01f18e60      0x3ac iec_commands.o
                0x01f18e60                IEC_Commands::OpenFile()
 .text._ZN12IEC_Commands6ListenEv
                0x01f1920c      0x288 iec_commands.o
                0x01f1920c                IEC_Commands::Listen()
 .text._ZN12IEC_Commands4TalkEv
                0x01f19494      0x224 iec_commands.o
                0x01f19494                IEC_Commands::Talk()
 .text._ZN12IEC_Commands17SimulateIECUpdateEv
                0x01f196b8      0x43c iec_commands.o
                0x01f196b8                IEC_Commands::SimulateIECUpdate()
 .text._ZN12IEC_Commands9CloseFileEh
                0x01f19af4       0x98 iec_commands.o
                0x01f19af4                IEC_Commands::CloseFile(unsigned char)
 .text          0x01f19b8c        0x0 m6502.o
 .text._ZN5M65023ANCEv
                0x01f19b8c       0x50 m6502.o
                0x01f19b8c                M6502::ANC()
 .text._ZN5M65023ANDEv
                0x01f19bdc       0x44 m6502.o
                0x01f19bdc                M6502::AND()
 .text._ZN5M65023ASLEv
                0x01f19c20       0x7c m6502.o
                0x01f19c20                M6502::ASL()
 .text._ZN5M65023BITEv
                0x01f19c9c       0x38 m6502.o
                0x01f19c9c                M6502::BIT()
 .text._ZN5M65023BRKEv
                0x01f19cd4        0x4 m6502.o
                0x01f19cd4                M6502::BRK()
 .text._ZN5M65023CLCEv
                0x01f19cd8       0x10 m6502.o
                0x01f19cd8                M6502::CLC()
 .text._ZN5M65023CLDEv
                0x01f19ce8       0x10 m6502.o
                0x01f19ce8                M6502::CLD()
 .text._ZN5M65023CLIEv
                0x01f19cf8       0x1c m6502.o
                0x01f19cf8                M6502::CLI()
 .text._ZN5M65023CLVEv
                0x01f19d14       0x10 m6502.o
                0x01f19d14                M6502::CLV()
 .text._ZN5M65023CMPEv
                0x01f19d24       0x44 m6502.o
                0x01f19d24                M6502::CMP()
 .text._ZN5M65023CPXEv
                0x01f19d68       0x44 m6502.o
                0x01f19d68                M6502::CPX()
 .text._ZN5M65023CPYEv
                0x01f19dac       0x44 m6502.o
                0x01f19dac                M6502::CPY()
 .text._ZN5M65023DECEv
                0x01f19df0       0x70 m6502.o
                0x01f19df0                M6502::DEC()
 .text._ZN5M65023DEXEv
                0x01f19e60       0x4c m6502.o
                0x01f19e60                M6502::DEX()
 .text._ZN5M65023DEYEv
                0x01f19eac       0x4c m6502.o
                0x01f19eac                M6502::DEY()
 .text._ZN5M65023EOREv
                0x01f19ef8       0x34 m6502.o
                0x01f19ef8                M6502::EOR()
 .text._ZN5M65023INCEv
                0x01f19f2c       0x70 m6502.o
                0x01f19f2c                M6502::INC()
 .text._ZN5M65023INXEv
                0x01f19f9c       0x4c m6502.o
                0x01f19f9c                M6502::INX()
 .text._ZN5M65023INYEv
                0x01f19fe8       0x4c m6502.o
                0x01f19fe8                M6502::INY()
 .text._ZN5M65023JAMEv
                0x01f1a034        0x4 m6502.o
                0x01f1a034                M6502::JAM()
 .text._ZN5M65023JMPEv
                0x01f1a038        0xc m6502.o
                0x01f1a038                M6502::JMP()
 .text._ZN5M65023JSREv
                0x01f1a044        0x4 m6502.o
                0x01f1a044                M6502::JSR()
 .text._ZN5M65023LDAEv
                0x01f1a048       0x44 m6502.o
                0x01f1a048                M6502::LDA()
 .text._ZN5M65023LDXEv
                0x01f1a08c       0x44 m6502.o
                0x01f1a08c                M6502::LDX()
 .text._ZN5M65023LDYEv
                0x01f1a0d0       0x44 m6502.o
                0x01f1a0d0                M6502::LDY()
 .text._ZN5M65023LSREv
                0x01f1a114       0x80 m6502.o
                0x01f1a114                M6502::LSR()
 .text._ZN5M65023NOPEv
                0x01f1a194        0x4 m6502.o
                0x01f1a194                M6502::NOP()
 .text._ZN5M65023ORAEv
                0x01f1a198       0x34 m6502.o
                0x01f1a198                M6502::ORA()
 .text._ZN5M65023PHAEv
                0x01f1a1cc       0x20 m6502.o
                0x01f1a1cc                M6502::PHA()
 .text._ZN5M65023PHPEv
                0x01f1a1ec       0x24 m6502.o
                0x01f1a1ec                M6502::PHP()
 .text._ZN5M65023PLAEv
                0x01f1a210       0x64 m6502.o
                0x01f1a210                M6502::PLA()
 .text._ZN5M65023PLPEv
                0x01f1a274       0x30 m6502.o
                0x01f1a274                M6502::PLP()
 .text._ZN5M65023ROLEv
                0x01f1a2a4       0x88 m6502.o
                0x01f1a2a4                M6502::ROL()
 .text._ZN5M65023ROREv
                0x01f1a32c       0x88 m6502.o
                0x01f1a32c                M6502::ROR()
 .text._ZN5M65023RTIEv
                0x01f1a3b4        0x4 m6502.o
                0x01f1a3b4                M6502::RTI()
 .text._ZN5M65023RTSEv
                0x01f1a3b8        0x4 m6502.o
                0x01f1a3b8                M6502::RTS()
 .text._ZN5M65023SECEv
                0x01f1a3bc       0x10 m6502.o
                0x01f1a3bc                M6502::SEC()
 .text._ZN5M65023SEDEv
                0x01f1a3cc       0x10 m6502.o
                0x01f1a3cc                M6502::SED()
 .text._ZN5M65023SEIEv
                0x01f1a3dc       0x10 m6502.o
                0x01f1a3dc                M6502::SEI()
 .text._ZN5M65023STAEv
                0x01f1a3ec       0x44 m6502.o
                0x01f1a3ec                M6502::STA()
 .text._ZN5M65023STXEv
                0x01f1a430       0x48 m6502.o
                0x01f1a430                M6502::STX()
 .text._ZN5M65023STYEv
                0x01f1a478       0x48 m6502.o
                0x01f1a478                M6502::STY()
 .text._ZN5M65023TAXEv
                0x01f1a4c0       0x44 m6502.o
                0x01f1a4c0                M6502::TAX()
 .text._ZN5M65023TAYEv
                0x01f1a504       0x44 m6502.o
                0x01f1a504                M6502::TAY()
 .text._ZN5M65023TSXEv
                0x01f1a548       0x44 m6502.o
                0x01f1a548                M6502::TSX()
 .text._ZN5M65023TXAEv
                0x01f1a58c       0x44 m6502.o
                0x01f1a58c                M6502::TXA()
 .text._ZN5M65023TXSEv
                0x01f1a5d0        0xc m6502.o
                0x01f1a5d0                M6502::TXS()
 .text._ZN5M65023TYAEv
                0x01f1a5dc       0x44 m6502.o
                0x01f1a5dc                M6502::TYA()
 .text._ZN5M65023ASREv
                0x01f1a620       0x38 m6502.o
                0x01f1a620                M6502::ASR()
 .text._ZN5M65023LXAEv
                0x01f1a658       0x50 m6502.o
                0x01f1a658                M6502::LXA()
 .text._ZN5M65023LAXEv
                0x01f1a6a8       0x4c m6502.o
                0x01f1a6a8                M6502::LAX()
 .text._ZN5M65023LASEv
                0x01f1a6f4       0x54 m6502.o
                0x01f1a6f4                M6502::LAS()
 .text._ZN5M65023SAXEv
                0x01f1a748       0x50 m6502.o
                0x01f1a748                M6502::SAX()
 .text._ZN5M65023SBXEv
                0x01f1a798       0x64 m6502.o
                0x01f1a798                M6502::SBX()
 .text._ZN5M65023SHAEv
                0x01f1a7fc       0x68 m6502.o
                0x01f1a7fc                M6502::SHA()
 .text._ZN5M65023SHYEv
                0x01f1a864       0x60 m6502.o
                0x01f1a864                M6502::SHY()
 .text._ZN5M65023DCPEv
                0x01f1a8c4       0x88 m6502.o
                0x01f1a8c4                M6502::DCP()
 .text._ZN5M65023SLOEv
                0x01f1a94c       0xa0 m6502.o
                0x01f1a94c                M6502::SLO()
 .text._ZN5M65023RLAEv
                0x01f1a9ec       0xa4 m6502.o
                0x01f1a9ec                M6502::RLA()
 .text._ZN5M65023SREEv
                0x01f1aa90       0x9c m6502.o
                0x01f1aa90                M6502::SRE()
 .text._ZN5M65023SHSEv
                0x01f1ab2c       0x70 m6502.o
                0x01f1ab2c                M6502::SHS()
 .text._ZN5M65023SHXEv
                0x01f1ab9c       0x60 m6502.o
                0x01f1ab9c                M6502::SHX()
 .text._ZN5M65023XAAEv
                0x01f1abfc       0x58 m6502.o
                0x01f1abfc                M6502::XAA()
 .text._ZN5M650210rel_5_8_T1Ev
                0x01f1ac54       0x28 m6502.o
                0x01f1ac54                M6502::rel_5_8_T1()
 .text._ZN5M650210rel_5_8_T3Ev
                0x01f1ac7c       0x2c m6502.o
                0x01f1ac7c                M6502::rel_5_8_T3()
 .text._ZN5M65029zp_2_1_T1Ev
                0x01f1aca8       0x38 m6502.o
                0x01f1aca8                M6502::zp_2_1_T1()
 .text._ZN5M65029zp_3_1_T1Ev
                0x01f1ace0       0x38 m6502.o
                0x01f1ace0                M6502::zp_3_1_T1()
 .text._ZN5M650210abs_2_3_T1Ev
                0x01f1ad18       0x38 m6502.o
                0x01f1ad18                M6502::abs_2_3_T1()
 .text._ZN5M650210abs_2_3_T2Ev
                0x01f1ad50       0x40 m6502.o
                0x01f1ad50                M6502::abs_2_3_T2()
 .text._ZN5M650210abs_3_2_T1Ev
                0x01f1ad90       0x38 m6502.o
                0x01f1ad90                M6502::abs_3_2_T1()
 .text._ZN5M650210abs_3_2_T2Ev
                0x01f1adc8       0x40 m6502.o
                0x01f1adc8                M6502::abs_3_2_T2()
 .text._ZN5M650210idx_2_4_T1Ev
                0x01f1ae08       0x38 m6502.o
                0x01f1ae08                M6502::idx_2_4_T1()
 .text._ZN5M650210idx_2_4_T2Ev
                0x01f1ae40       0x2c m6502.o
                0x01f1ae40                M6502::idx_2_4_T2()
 .text._ZN5M650210idx_2_4_T3Ev
                0x01f1ae6c       0x44 m6502.o
                0x01f1ae6c                M6502::idx_2_4_T3()
 .text._ZN5M650210idx_2_4_T4Ev
                0x01f1aeb0       0x38 m6502.o
                0x01f1aeb0                M6502::idx_2_4_T4()
 .text._ZN5M650210idx_3_3_T1Ev
                0x01f1aee8       0x38 m6502.o
                0x01f1aee8                M6502::idx_3_3_T1()
 .text._ZN5M650210idx_3_3_T2Ev
                0x01f1af20       0x2c m6502.o
                0x01f1af20                M6502::idx_3_3_T2()
 .text._ZN5M650210idx_3_3_T3Ev
                0x01f1af4c       0x44 m6502.o
                0x01f1af4c                M6502::idx_3_3_T3()
 .text._ZN5M650210idx_3_3_T4Ev
                0x01f1af90       0x38 m6502.o
                0x01f1af90                M6502::idx_3_3_T4()
 .text._ZN5M650212idx_Undoc_T1Ev
                0x01f1afc8       0x38 m6502.o
                0x01f1afc8                M6502::idx_Undoc_T1()
 .text._ZN5M650212idx_Undoc_T2Ev
                0x01f1b000       0x2c m6502.o
                0x01f1b000                M6502::idx_Undoc_T2()
 .text._ZN5M650212idx_Undoc_T3Ev
                0x01f1b02c       0x44 m6502.o
                0x01f1b02c                M6502::idx_Undoc_T3()
 .text._ZN5M650212idx_Undoc_T4Ev
                0x01f1b070       0x38 m6502.o
                0x01f1b070                M6502::idx_Undoc_T4()
 .text._ZN5M650212idx_Undoc_T5Ev
                0x01f1b0a8       0x30 m6502.o
                0x01f1b0a8                M6502::idx_Undoc_T5()
 .text._ZN5M650212idx_Undoc_T6Ev
                0x01f1b0d8       0x30 m6502.o
                0x01f1b0d8                M6502::idx_Undoc_T6()
 .text._ZN5M650211absx_2_5_T1Ev
                0x01f1b108       0x38 m6502.o
                0x01f1b108                M6502::absx_2_5_T1()
 .text._ZN5M650211absx_2_5_T2Ev
                0x01f1b140       0x40 m6502.o
                0x01f1b140                M6502::absx_2_5_T2()
 .text._ZN5M650211absx_3_4_T1Ev
                0x01f1b180       0x38 m6502.o
                0x01f1b180                M6502::absx_3_4_T1()
 .text._ZN5M650211absx_3_4_T2Ev
                0x01f1b1b8       0x40 m6502.o
                0x01f1b1b8                M6502::absx_3_4_T2()
 .text._ZN5M650211absx_3_4_T3Ev
                0x01f1b1f8       0x3c m6502.o
                0x01f1b1f8                M6502::absx_3_4_T3()
 .text._ZN5M650211absy_2_5_T1Ev
                0x01f1b234       0x38 m6502.o
                0x01f1b234                M6502::absy_2_5_T1()
 .text._ZN5M650211absy_2_5_T2Ev
                0x01f1b26c       0x40 m6502.o
                0x01f1b26c                M6502::absy_2_5_T2()
 .text._ZN5M650211absy_3_4_T1Ev
                0x01f1b2ac       0x38 m6502.o
                0x01f1b2ac                M6502::absy_3_4_T1()
 .text._ZN5M650211absy_3_4_T2Ev
                0x01f1b2e4       0x40 m6502.o
                0x01f1b2e4                M6502::absy_3_4_T2()
 .text._ZN5M650211absy_3_4_T3Ev
                0x01f1b324       0x3c m6502.o
                0x01f1b324                M6502::absy_3_4_T3()
 .text._ZN5M650210zpx_2_6_T1Ev
                0x01f1b360       0x38 m6502.o
                0x01f1b360                M6502::zpx_2_6_T1()
 .text._ZN5M650210zpx_2_6_T2Ev
                0x01f1b398       0x2c m6502.o
                0x01f1b398                M6502::zpx_2_6_T2()
 .text._ZN5M650210zpx_3_5_T1Ev
                0x01f1b3c4       0x38 m6502.o
                0x01f1b3c4                M6502::zpx_3_5_T1()
 .text._ZN5M650210zpx_3_5_T2Ev
                0x01f1b3fc       0x2c m6502.o
                0x01f1b3fc                M6502::zpx_3_5_T2()
 .text._ZN5M650210zpy_2_6_T1Ev
                0x01f1b428       0x38 m6502.o
                0x01f1b428                M6502::zpy_2_6_T1()
 .text._ZN5M650210zpy_2_6_T2Ev
                0x01f1b460       0x2c m6502.o
                0x01f1b460                M6502::zpy_2_6_T2()
 .text._ZN5M650210zpy_3_5_T1Ev
                0x01f1b48c       0x38 m6502.o
                0x01f1b48c                M6502::zpy_3_5_T1()
 .text._ZN5M650210zpy_3_5_T2Ev
                0x01f1b4c4       0x2c m6502.o
                0x01f1b4c4                M6502::zpy_3_5_T2()
 .text._ZN5M650210idy_2_7_T1Ev
                0x01f1b4f0       0x38 m6502.o
                0x01f1b4f0                M6502::idy_2_7_T1()
 .text._ZN5M650210idy_2_7_T2Ev
                0x01f1b528       0x38 m6502.o
                0x01f1b528                M6502::idy_2_7_T2()
 .text._ZN5M650210idy_2_7_T3Ev
                0x01f1b560       0x38 m6502.o
                0x01f1b560                M6502::idy_2_7_T3()
 .text._ZN5M650210idy_3_6_T1Ev
                0x01f1b598       0x38 m6502.o
                0x01f1b598                M6502::idy_3_6_T1()
 .text._ZN5M650210idy_3_6_T2Ev
                0x01f1b5d0       0x38 m6502.o
                0x01f1b5d0                M6502::idy_3_6_T2()
 .text._ZN5M650210idy_3_6_T3Ev
                0x01f1b608       0x38 m6502.o
                0x01f1b608                M6502::idy_3_6_T3()
 .text._ZN5M650210idy_3_6_T4Ev
                0x01f1b640       0x3c m6502.o
                0x01f1b640                M6502::idy_3_6_T4()
 .text._ZN5M650212idy_Undoc_T1Ev
                0x01f1b67c       0x38 m6502.o
                0x01f1b67c                M6502::idy_Undoc_T1()
 .text._ZN5M650212idy_Undoc_T2Ev
                0x01f1b6b4       0x38 m6502.o
                0x01f1b6b4                M6502::idy_Undoc_T2()
 .text._ZN5M650212idy_Undoc_T3Ev
                0x01f1b6ec       0x38 m6502.o
                0x01f1b6ec                M6502::idy_Undoc_T3()
 .text._ZN5M650212idy_Undoc_T4Ev
                0x01f1b724       0x3c m6502.o
                0x01f1b724                M6502::idy_Undoc_T4()
 .text._ZN5M650212idy_Undoc_T5Ev
                0x01f1b760       0x30 m6502.o
                0x01f1b760                M6502::idy_Undoc_T5()
 .text._ZN5M650212idy_Undoc_T6Ev
                0x01f1b790       0x30 m6502.o
                0x01f1b790                M6502::idy_Undoc_T6()
 .text._ZN5M65029zp_4_1_T1Ev
                0x01f1b7c0       0x38 m6502.o
                0x01f1b7c0                M6502::zp_4_1_T1()
 .text._ZN5M65029zp_4_1_T2Ev
                0x01f1b7f8       0x30 m6502.o
                0x01f1b7f8                M6502::zp_4_1_T2()
 .text._ZN5M65029zp_4_1_T3Ev
                0x01f1b828       0x30 m6502.o
                0x01f1b828                M6502::zp_4_1_T3()
 .text._ZN5M650210abs_4_2_T1Ev
                0x01f1b858       0x38 m6502.o
                0x01f1b858                M6502::abs_4_2_T1()
 .text._ZN5M650210abs_4_2_T2Ev
                0x01f1b890       0x40 m6502.o
                0x01f1b890                M6502::abs_4_2_T2()
 .text._ZN5M650210abs_4_2_T3Ev
                0x01f1b8d0       0x30 m6502.o
                0x01f1b8d0                M6502::abs_4_2_T3()
 .text._ZN5M650210abs_4_2_T4Ev
                0x01f1b900       0x30 m6502.o
                0x01f1b900                M6502::abs_4_2_T4()
 .text._ZN5M650210zpx_4_3_T1Ev
                0x01f1b930       0x38 m6502.o
                0x01f1b930                M6502::zpx_4_3_T1()
 .text._ZN5M650210zpx_4_3_T2Ev
                0x01f1b968       0x2c m6502.o
                0x01f1b968                M6502::zpx_4_3_T2()
 .text._ZN5M650210zpx_4_3_T3Ev
                0x01f1b994       0x40 m6502.o
                0x01f1b994                M6502::zpx_4_3_T3()
 .text._ZN5M650210zpx_4_3_T4Ev
                0x01f1b9d4       0x30 m6502.o
                0x01f1b9d4                M6502::zpx_4_3_T4()
 .text._ZN5M650211absx_4_4_T1Ev
                0x01f1ba04       0x38 m6502.o
                0x01f1ba04                M6502::absx_4_4_T1()
 .text._ZN5M650211absx_4_4_T2Ev
                0x01f1ba3c       0x40 m6502.o
                0x01f1ba3c                M6502::absx_4_4_T2()
 .text._ZN5M650211absx_4_4_T3Ev
                0x01f1ba7c       0x3c m6502.o
                0x01f1ba7c                M6502::absx_4_4_T3()
 .text._ZN5M650211absx_4_4_T4Ev
                0x01f1bab8       0x30 m6502.o
                0x01f1bab8                M6502::absx_4_4_T4()
 .text._ZN5M650211absx_4_4_T5Ev
                0x01f1bae8       0x30 m6502.o
                0x01f1bae8                M6502::absx_4_4_T5()
 .text._ZN5M650211absy_4_4_T1Ev
                0x01f1bb18       0x38 m6502.o
                0x01f1bb18                M6502::absy_4_4_T1()
 .text._ZN5M650211absy_4_4_T2Ev
                0x01f1bb50       0x40 m6502.o
                0x01f1bb50                M6502::absy_4_4_T2()
 .text._ZN5M650211absy_4_4_T3Ev
                0x01f1bb90       0x3c m6502.o
                0x01f1bb90                M6502::absy_4_4_T3()
 .text._ZN5M650211absy_4_4_T4Ev
                0x01f1bbcc       0x30 m6502.o
                0x01f1bbcc                M6502::absy_4_4_T4()
 .text._ZN5M650211absy_4_4_T5Ev
                0x01f1bbfc       0x30 m6502.o
                0x01f1bbfc                M6502::absy_4_4_T5()
 .text._ZN5M65029ph_5_1_T1Ev
                0x01f1bc2c       0x2c m6502.o
                0x01f1bc2c                M6502::ph_5_1_T1()
 .text._ZN5M65029pl_5_2_T1Ev
                0x01f1bc58       0x2c m6502.o
                0x01f1bc58                M6502::pl_5_2_T1()
 .text._ZN5M65029pl_5_2_T2Ev
                0x01f1bc84       0x30 m6502.o
                0x01f1bc84                M6502::pl_5_2_T2()
 .text._ZN5M650210jsr_5_3_T1Ev
                0x01f1bcb4       0x38 m6502.o
                0x01f1bcb4                M6502::jsr_5_3_T1()
 .text._ZN5M650210jsr_5_3_T2Ev
                0x01f1bcec       0x30 m6502.o
                0x01f1bcec                M6502::jsr_5_3_T2()
 .text._ZN5M650210jsr_5_3_T3Ev
                0x01f1bd1c       0x40 m6502.o
                0x01f1bd1c                M6502::jsr_5_3_T3()
 .text._ZN5M650210jsr_5_3_T4Ev
                0x01f1bd5c       0x3c m6502.o
                0x01f1bd5c                M6502::jsr_5_3_T4()
 .text._ZN5M650210rti_5_5_T1Ev
                0x01f1bd98       0x34 m6502.o
                0x01f1bd98                M6502::rti_5_5_T1()
 .text._ZN5M650210rti_5_5_T2Ev
                0x01f1bdcc       0x30 m6502.o
                0x01f1bdcc                M6502::rti_5_5_T2()
 .text._ZN5M650210rti_5_5_T3Ev
                0x01f1bdfc       0x40 m6502.o
                0x01f1bdfc                M6502::rti_5_5_T3()
 .text._ZN5M650210rti_5_5_T4Ev
                0x01f1be3c       0x40 m6502.o
                0x01f1be3c                M6502::rti_5_5_T4()
 .text._ZN5M650211abs5_6_1_T1Ev
                0x01f1be7c       0x38 m6502.o
                0x01f1be7c                M6502::abs5_6_1_T1()
 .text._ZN5M650211abs5_6_2_T1Ev
                0x01f1beb4       0x38 m6502.o
                0x01f1beb4                M6502::abs5_6_2_T1()
 .text._ZN5M650211abs5_6_2_T2Ev
                0x01f1beec       0x40 m6502.o
                0x01f1beec                M6502::abs5_6_2_T2()
 .text._ZN5M650211abs5_6_2_T3Ev
                0x01f1bf2c       0x38 m6502.o
                0x01f1bf2c                M6502::abs5_6_2_T3()
 .text._ZN5M650210rts_5_7_T1Ev
                0x01f1bf64       0x34 m6502.o
                0x01f1bf64                M6502::rts_5_7_T1()
 .text._ZN5M650210rts_5_7_T2Ev
                0x01f1bf98       0x30 m6502.o
                0x01f1bf98                M6502::rts_5_7_T2()
 .text._ZN5M650210rts_5_7_T3Ev
                0x01f1bfc8       0x40 m6502.o
                0x01f1bfc8                M6502::rts_5_7_T3()
 .text._ZN5M650210rts_5_7_T4Ev
                0x01f1c008       0x48 m6502.o
                0x01f1c008                M6502::rts_5_7_T4()
 .text._ZN5M650210brk_5_4_T1Ev
                0x01f1c050       0x38 m6502.o
                0x01f1c050                M6502::brk_5_4_T1()
 .text._ZN5M650210brk_5_4_T2Ev
                0x01f1c088       0x40 m6502.o
                0x01f1c088                M6502::brk_5_4_T2()
 .text._ZN5M650210brk_5_4_T3Ev
                0x01f1c0c8       0x3c m6502.o
                0x01f1c0c8                M6502::brk_5_4_T3()
 .text._ZN5M650210brk_5_4_T5Ev
                0x01f1c104       0x30 m6502.o
                0x01f1c104                M6502::brk_5_4_T5()
 .text._ZN5M65028Reset_T1Ev
                0x01f1c134       0x2c m6502.o
                0x01f1c134                M6502::Reset_T1()
 .text._ZN5M65028Reset_T2Ev
                0x01f1c160       0x38 m6502.o
                0x01f1c160                M6502::Reset_T2()
 .text._ZN5M65028Reset_T3Ev
                0x01f1c198       0x38 m6502.o
                0x01f1c198                M6502::Reset_T3()
 .text._ZN5M65028Reset_T4Ev
                0x01f1c1d0       0x44 m6502.o
                0x01f1c1d0                M6502::Reset_T4()
 .text._ZN5M65028Reset_T5Ev
                0x01f1c214       0x30 m6502.o
                0x01f1c214                M6502::Reset_T5()
 .text._ZN5M65028Reset_T6Ev
                0x01f1c244       0x38 m6502.o
                0x01f1c244                M6502::Reset_T6()
 .text._ZN5M65026IRQ_T1Ev
                0x01f1c27c       0x2c m6502.o
                0x01f1c27c                M6502::IRQ_T1()
 .text._ZN5M65026IRQ_T2Ev
                0x01f1c2a8       0x40 m6502.o
                0x01f1c2a8                M6502::IRQ_T2()
 .text._ZN5M65026IRQ_T3Ev
                0x01f1c2e8       0x3c m6502.o
                0x01f1c2e8                M6502::IRQ_T3()
 .text._ZN5M65026IRQ_T5Ev
                0x01f1c324       0x30 m6502.o
                0x01f1c324                M6502::IRQ_T5()
 .text._ZN5M65026IRQ_T6Ev
                0x01f1c354       0x44 m6502.o
                0x01f1c354                M6502::IRQ_T6()
 .text._ZN5M65023ADCEv
                0x01f1c398      0x12c m6502.o
                0x01f1c398                M6502::ADC()
 .text._ZN5M65023ARREv
                0x01f1c4c4      0x10c m6502.o
                0x01f1c4c4                M6502::ARR()
 .text._ZN5M65023SBCEv
                0x01f1c5d0      0x11c m6502.o
                0x01f1c5d0                M6502::SBC()
 .text._ZN5M650210idy_2_7_T4Ev
                0x01f1c6ec       0x9c m6502.o
                0x01f1c6ec                M6502::idy_2_7_T4()
 .text._ZN5M650210rel_5_8_T2Ev
                0x01f1c788       0x5c m6502.o
                0x01f1c788                M6502::rel_5_8_T2()
 .text._ZN5M65026IRQ_T4Ev
                0x01f1c7e4       0x48 m6502.o
                0x01f1c7e4                M6502::IRQ_T4()
 .text._ZN5M650216InstructionFetchEv
                0x01f1c82c       0x94 m6502.o
                0x01f1c82c                M6502::InstructionFetch()
 .text._ZN5M650219InstructionFetchIRQEv
                0x01f1c8c0       0x58 m6502.o
                0x01f1c8c0                M6502::InstructionFetchIRQ()
 .text._ZN5M65023BMIEv
                0x01f1c918       0x78 m6502.o
                0x01f1c918                M6502::BMI()
 .text._ZN5M650210brk_5_4_T4Ev
                0x01f1c990       0x90 m6502.o
                0x01f1c990                M6502::brk_5_4_T4()
 .text._ZN5M65023BPLEv
                0x01f1ca20       0x78 m6502.o
                0x01f1ca20                M6502::BPL()
 .text._ZN5M65023BCSEv
                0x01f1ca98       0x74 m6502.o
                0x01f1ca98                M6502::BCS()
 .text._ZN5M65023BEQEv
                0x01f1cb0c       0x74 m6502.o
                0x01f1cb0c                M6502::BEQ()
 .text._ZN5M65023BCCEv
                0x01f1cb80       0x74 m6502.o
                0x01f1cb80                M6502::BCC()
 .text._ZN5M65023BVCEv
                0x01f1cbf4       0x74 m6502.o
                0x01f1cbf4                M6502::BVC()
 .text._ZN5M65023BNEEv
                0x01f1cc68       0x74 m6502.o
                0x01f1cc68                M6502::BNE()
 .text._ZN5M65023BVSEv
                0x01f1ccdc       0x74 m6502.o
                0x01f1ccdc                M6502::BVS()
 .text._ZN5M65029zp_3_1_T2Ev
                0x01f1cd50       0x44 m6502.o
                0x01f1cd50                M6502::zp_3_1_T2()
 .text._ZN5M650210abs_3_2_T3Ev
                0x01f1cd94       0x44 m6502.o
                0x01f1cd94                M6502::abs_3_2_T3()
 .text._ZN5M650210idx_3_3_T5Ev
                0x01f1cdd8       0x44 m6502.o
                0x01f1cdd8                M6502::idx_3_3_T5()
 .text._ZN5M650212idx_Undoc_T7Ev
                0x01f1ce1c       0x44 m6502.o
                0x01f1ce1c                M6502::idx_Undoc_T7()
 .text._ZN5M650211absx_3_4_T4Ev
                0x01f1ce60       0x44 m6502.o
                0x01f1ce60                M6502::absx_3_4_T4()
 .text._ZN5M650211absy_3_4_T4Ev
                0x01f1cea4       0x44 m6502.o
                0x01f1cea4                M6502::absy_3_4_T4()
 .text._ZN5M650210idy_3_6_T5Ev
                0x01f1cee8       0x44 m6502.o
                0x01f1cee8                M6502::idy_3_6_T5()
 .text._ZN5M650212idy_Undoc_T7Ev
                0x01f1cf2c       0x44 m6502.o
                0x01f1cf2c                M6502::idy_Undoc_T7()
 .text._ZN5M65029zp_4_1_T4Ev
                0x01f1cf70       0x44 m6502.o
                0x01f1cf70                M6502::zp_4_1_T4()
 .text._ZN5M650210abs_4_2_T5Ev
                0x01f1cfb4       0x44 m6502.o
                0x01f1cfb4                M6502::abs_4_2_T5()
 .text._ZN5M650210zpx_4_3_T5Ev
                0x01f1cff8       0x44 m6502.o
                0x01f1cff8                M6502::zpx_4_3_T5()
 .text._ZN5M650211absx_4_4_T6Ev
                0x01f1d03c       0x44 m6502.o
                0x01f1d03c                M6502::absx_4_4_T6()
 .text._ZN5M650211absy_4_4_T6Ev
                0x01f1d080       0x44 m6502.o
                0x01f1d080                M6502::absy_4_4_T6()
 .text._ZN5M65029ph_5_1_T2Ev
                0x01f1d0c4       0x44 m6502.o
                0x01f1d0c4                M6502::ph_5_1_T2()
 .text._ZN5M65029pl_5_2_T3Ev
                0x01f1d108       0x44 m6502.o
                0x01f1d108                M6502::pl_5_2_T3()
 .text._ZN5M650210zpy_3_5_T3Ev
                0x01f1d14c       0x58 m6502.o
                0x01f1d14c                M6502::zpy_3_5_T3()
 .text._ZN5M650210zpx_3_5_T3Ev
                0x01f1d1a4       0x58 m6502.o
                0x01f1d1a4                M6502::zpx_3_5_T3()
 .text._ZN5M65029sb_jam_T1Ev
                0x01f1d1fc       0x50 m6502.o
                0x01f1d1fc                M6502::sb_jam_T1()
 .text._ZN5M650210idy_2_7_T5Ev
                0x01f1d24c       0x54 m6502.o
                0x01f1d24c                M6502::idy_2_7_T5()
 .text._ZN5M650211absx_2_5_T4Ev
                0x01f1d2a0       0x54 m6502.o
                0x01f1d2a0                M6502::absx_2_5_T4()
 .text._ZN5M650211absy_2_5_T4Ev
                0x01f1d2f4       0x54 m6502.o
                0x01f1d2f4                M6502::absy_2_5_T4()
 .text._ZN5M65029zp_2_1_T2Ev
                0x01f1d348       0x54 m6502.o
                0x01f1d348                M6502::zp_2_1_T2()
 .text._ZN5M650210abs_2_3_T3Ev
                0x01f1d39c       0x54 m6502.o
                0x01f1d39c                M6502::abs_2_3_T3()
 .text._ZN5M650210idx_2_4_T5Ev
                0x01f1d3f0       0x54 m6502.o
                0x01f1d3f0                M6502::idx_2_4_T5()
 .text._ZN5M65027sb_1_T1Ev
                0x01f1d444       0x58 m6502.o
                0x01f1d444                M6502::sb_1_T1()
 .text._ZN5M650210rts_5_7_T5Ev
                0x01f1d49c       0x5c m6502.o
                0x01f1d49c                M6502::rts_5_7_T5()
 .text._ZN5M650210imm_2_1_T1Ev
                0x01f1d4f8       0x5c m6502.o
                0x01f1d4f8                M6502::imm_2_1_T1()
 .text._ZN5M650211abs5_6_2_T4Ev
                0x01f1d554       0x5c m6502.o
                0x01f1d554                M6502::abs5_6_2_T4()
 .text._ZN5M650210zpy_2_6_T3Ev
                0x01f1d5b0       0x64 m6502.o
                0x01f1d5b0                M6502::zpy_2_6_T3()
 .text._ZN5M650210zpx_2_6_T3Ev
                0x01f1d614       0x64 m6502.o
                0x01f1d614                M6502::zpx_2_6_T3()
 .text._ZN5M650211abs5_6_1_T2Ev
                0x01f1d678       0x64 m6502.o
                0x01f1d678                M6502::abs5_6_1_T2()
 .text._ZN5M650210brk_5_4_T6Ev
                0x01f1d6dc       0x68 m6502.o
                0x01f1d6dc                M6502::brk_5_4_T6()
 .text._ZN5M650210jsr_5_3_T5Ev
                0x01f1d744       0x6c m6502.o
                0x01f1d744                M6502::jsr_5_3_T5()
 .text._ZN5M650210rti_5_5_T5Ev
                0x01f1d7b0       0x6c m6502.o
                0x01f1d7b0                M6502::rti_5_5_T5()
 .text._ZN5M650211absx_2_5_T3Ev
                0x01f1d81c       0x9c m6502.o
                0x01f1d81c                M6502::absx_2_5_T3()
 .text._ZN5M650211absy_2_5_T3Ev
                0x01f1d8b8       0x9c m6502.o
                0x01f1d8b8                M6502::absy_2_5_T3()
 .text._ZN5M65023RRAEv
                0x01f1d954      0x19c m6502.o
                0x01f1d954                M6502::RRA()
 .text._ZN5M65023ISBEv
                0x01f1daf0      0x17c m6502.o
                0x01f1daf0                M6502::ISB()
 .text._ZN5M65024StepEv
                0x01f1dc6c       0x88 m6502.o
                0x01f1dc6c                M6502::Step()
 .text._ZN5M65025ResetEv
                0x01f1dcf4       0x44 m6502.o
                0x01f1dcf4                M6502::Reset()
 .text          0x01f1dd38        0x0 m6522.o
 .text._ZN5m6522C2Ev
                0x01f1dd38       0xe4 m6522.o
                0x01f1dd38                m6522::m6522()
                0x01f1dd38                m6522::m6522()
 .text._ZN5m65225ResetEv
                0x01f1de1c       0xc4 m6522.o
                0x01f1de1c                m6522::Reset()
 .text._ZN5m65228InputCA1Eb
                0x01f1dee0       0xd0 m6522.o
                0x01f1dee0                m6522::InputCA1(bool)
 .text._ZN5m65228InputCA2Eb
                0x01f1dfb0       0xa0 m6522.o
                0x01f1dfb0                m6522::InputCA2(bool)
 .text._ZN5m65228InputCB1Eb
                0x01f1e050       0xd0 m6522.o
                0x01f1e050                m6522::InputCB1(bool)
 .text._ZN5m65228InputCB2Eb
                0x01f1e120       0xa0 m6522.o
                0x01f1e120                m6522::InputCB2(bool)
 .text._ZN5m65227ExecuteEv
                0x01f1e1c0      0x894 m6522.o
                0x01f1e1c0                m6522::Execute()
 .text._ZN5m65224ReadEj
                0x01f1ea54      0x3d0 m6522.o
                0x01f1ea54                m6522::Read(unsigned int)
 .text._ZN5m65224PeekEj
                0x01f1ee24      0x134 m6522.o
                0x01f1ee24                m6522::Peek(unsigned int)
 .text._ZN5m65225WriteEjh
                0x01f1ef58      0x654 m6522.o
                0x01f1ef58                m6522::Write(unsigned int, unsigned char)
 .text          0x01f1f5ac        0x0 drive.o
 .text._ZN5DriveC2Ev
                0x01f1f5ac       0xec drive.o
                0x01f1f5ac                Drive::Drive()
                0x01f1f5ac                Drive::Drive()
 .text._ZN5Drive5ResetEv
                0x01f1f698       0xd8 drive.o
                0x01f1f698                Drive::Reset()
 .text._ZN5Drive6InsertEP9DiskImage
                0x01f1f770       0x10 drive.o
                0x01f1f770                Drive::Insert(DiskImage*)
 .text._ZN5Drive5EjectEv
                0x01f1f780       0x14 drive.o
                0x01f1f780                Drive::Eject()
 .text._ZN5Drive9DumpTrackEj
                0x01f1f794       0x10 drive.o
                0x01f1f794                Drive::DumpTrack(unsigned int)
 .text._ZN5Drive9OnPortOutEPvh
                0x01f1f7a4       0xd4 drive.o
                0x01f1f7a4                Drive::OnPortOut(void*, unsigned char)
 .text._ZN5Drive22AdvanceSectorPositionRERi
                0x01f1f878       0x30 drive.o
                0x01f1f878                Drive::AdvanceSectorPositionR(int&)
 .text._ZN5Drive22AdvanceSectorPositionWERi
                0x01f1f8a8       0x34 drive.o
                0x01f1f8a8                Drive::AdvanceSectorPositionW(int&)
 .text._ZN5Drive10GetNextBitEv
                0x01f1f8dc       0x50 drive.o
                0x01f1f8dc                Drive::GetNextBit()
 .text._ZN5Drive10SetNextBitEb
                0x01f1f92c       0xb8 drive.o
                0x01f1f92c                Drive::SetNextBit(bool)
 .text._ZN5Drive6UpdateEv
                0x01f1f9e4      0x3c8 drive.o
                0x01f1f9e4                Drive::Update()
 .text          0x01f1fdac        0x0 gcr.o
 .text._Z9find_syncPPhS_
                0x01f1fdac       0xb8 gcr.o
                0x01f1fdac                find_sync(unsigned char**, unsigned char*)
 .text._Z21convert_4bytes_to_GCRPhS_
                0x01f1fe64      0x100 gcr.o
                0x01f1fe64                convert_4bytes_to_GCR(unsigned char*, unsigned char*)
 .text._Z23convert_4bytes_from_GCRPhS_
                0x01f1ff64      0x13c gcr.o
                0x01f1ff64                convert_4bytes_from_GCR(unsigned char*, unsigned char*)
 .text._Z18convert_GCR_sectorPhS_S_iiS_.part.1
                0x01f200a0      0xda0 gcr.o
 .text._Z10extract_idPhS_
                0x01f20e40       0xd8 gcr.o
                0x01f20e40                extract_id(unsigned char*, unsigned char*)
 .text._Z19extract_cosmetic_idPhS_
                0x01f20f18       0x60 gcr.o
                0x01f20f18                extract_cosmetic_id(unsigned char*, unsigned char*)
 .text._Z18convert_GCR_sectorPhS_S_iiS_
                0x01f20f78       0x34 gcr.o
                0x01f20f78                convert_GCR_sector(unsigned char*, unsigned char*, unsigned char*, int, int, unsigned char*)
 .text._Z21convert_sector_to_GCRPhS_iiS_i
                0x01f20fac      0x464 gcr.o
                0x01f20fac                convert_sector_to_GCR(unsigned char*, unsigned char*, int, int, unsigned char*, int)
 .text._Z16find_track_cyclePPhS0_ii
                0x01f21410      0x29c gcr.o
                0x01f21410                find_track_cycle(unsigned char**, unsigned char**, int, int)
 .text._Z23find_nondos_track_cyclePPhS0_ii
                0x01f216ac      0x144 gcr.o
                0x01f216ac                find_nondos_track_cycle(unsigned char**, unsigned char**, int, int)
 .text._Z16check_valid_dataPhi
                0x01f217f0       0x7c gcr.o
                0x01f217f0                check_valid_data(unsigned char*, int)
 .text._Z12find_sector0PhiPj
                0x01f2186c      0x164 gcr.o
                0x01f2186c                find_sector0(unsigned char*, int, unsigned int*)
 .text._Z15find_sector_gapPhiPj
                0x01f219d0      0x134 gcr.o
                0x01f219d0                find_sector_gap(unsigned char*, int, unsigned int*)
 .text._Z15check_formattedPh
                0x01f21b04       0xd8 gcr.o
                0x01f21b04                check_formatted(unsigned char*)
 .text._Z17extract_GCR_trackPhS_Piijj
                0x01f21bdc      0x3c8 gcr.o
                0x01f21bdc                extract_GCR_track(unsigned char*, unsigned char*, int*, int, unsigned int, unsigned int)
 .text._Z10strip_runsPhiih
                0x01f21fa4       0x8c gcr.o
                0x01f21fa4                strip_runs(unsigned char*, int, int, unsigned char)
 .text._Z11reduce_runsPhiiih
                0x01f22030       0xc0 gcr.o
                0x01f22030                reduce_runs(unsigned char*, int, int, int, unsigned char)
 .text._Z16check_sync_flagsPhii
                0x01f220f0      0x3cc gcr.o
                0x01f220f0                check_sync_flags(unsigned char*, int, int)
 .text._Z14compare_tracksPhS_iiiPc
                0x01f224bc      0x2ec gcr.o
                0x01f224bc                compare_tracks(unsigned char*, unsigned char*, int, int, int, char*)
 .text._Z15compare_sectorsPhS_iiS_S_iPc
                0x01f227a8      0x8f4 gcr.o
                0x01f227a8                compare_sectors(unsigned char*, unsigned char*, int, int, unsigned char*, unsigned char*, int, char*)
 .text._Z12check_errorsPhiiS_Pc
                0x01f2309c      0x160 gcr.o
                0x01f2309c                check_errors(unsigned char*, int, int, unsigned char*, char*)
 .text._Z11check_emptyPhiiS_Pc
                0x01f231fc      0x130 gcr.o
                0x01f231fc                check_empty(unsigned char*, int, int, unsigned char*, char*)
 .text._Z13replace_bytesPhihh
                0x01f2332c       0x3c gcr.o
                0x01f2332c                replace_bytes(unsigned char*, int, unsigned char, unsigned char)
 .text._Z10is_bad_gcrPhjj
                0x01f23368       0xb0 gcr.o
                0x01f23368                is_bad_gcr(unsigned char*, unsigned int, unsigned int)
 .text._Z13check_bad_gcrPhii
                0x01f23418      0x38c gcr.o
                0x01f23418                check_bad_gcr(unsigned char*, int, int)
 .text          0x01f237a4        0x0 prot.o
 .text._Z12shift_bufferPhii
                0x01f237a4       0x74 prot.o
                0x01f237a4                shift_buffer(unsigned char*, int, int)
 .text._Z10align_vmaxPhi
                0x01f23818       0x8c prot.o
                0x01f23818                align_vmax(unsigned char*, int)
 .text._Z8auto_gapPhi
                0x01f238a4       0x7c prot.o
                0x01f238a4                auto_gap(unsigned char*, int)
 .text._Z13find_weak_gapPhi
                0x01f23920       0x84 prot.o
                0x01f23920                find_weak_gap(unsigned char*, int)
 .text._Z14find_long_syncPhi
                0x01f239a4       0x74 prot.o
                0x01f239a4                find_long_sync(unsigned char*, int)
 .text          0x01f23a18        0x0 lz.o
 .text.LZ_Compress
                0x01f23a18      0x3f0 lz.o
                0x01f23a18                LZ_Compress
 .text.LZ_CompressFast
                0x01f23e08      0x654 lz.o
                0x01f23e08                LZ_CompressFast
 .text.LZ_Uncompress
                0x01f2445c      0x4e8 lz.o
                0x01f2445c                LZ_Uncompress
 .text          0x01f24944        0x0 emmc.o
 .text._ZN11CEMMCDeviceC2Ev
                0x01f24944       0x14 emmc.o
                0x01f24944                CEMMCDevice::CEMMCDevice()
                0x01f24944                CEMMCDevice::CEMMCDevice()
 .text._ZN11CEMMCDeviceD2Ev
                0x01f24958        0x4 emmc.o
                0x01f24958                CEMMCDevice::~CEMMCDevice()
                0x01f24958                CEMMCDevice::~CEMMCDevice()
 .text._ZN11CEMMCDevice4SeekEy
                0x01f2495c       0x10 emmc.o
                0x01f2495c                CEMMCDevice::Seek(unsigned long long)
 .text._ZN11CEMMCDevice7PowerOnEv
                0x01f2496c       0x48 emmc.o
                0x01f2496c                CEMMCDevice::PowerOn()
 .text._ZN11CEMMCDevice8PowerOffEv
                0x01f249b4       0x18 emmc.o
                0x01f249b4                CEMMCDevice::PowerOff()
 .text._ZN11CEMMCDevice15GetClockDividerEjj
                0x01f249cc       0xb4 emmc.o
                0x01f249cc                CEMMCDevice::GetClockDivider(unsigned int, unsigned int)
 .text._ZN11CEMMCDevice15SwitchClockRateEjj
                0x01f24a80      0x1b8 emmc.o
                0x01f24a80                CEMMCDevice::SwitchClockRate(unsigned int, unsigned int)
 .text._ZN11CEMMCDevice8ResetCmdEv
                0x01f24c38       0x84 emmc.o
                0x01f24c38                CEMMCDevice::ResetCmd()
 .text._ZN11CEMMCDevice8ResetDatEv
                0x01f24cbc       0x84 emmc.o
                0x01f24cbc                CEMMCDevice::ResetDat()
 .text._ZN11CEMMCDevice15IssueCommandIntEjji
                0x01f24d40      0x318 emmc.o
                0x01f24d40                CEMMCDevice::IssueCommandInt(unsigned int, unsigned int, int)
 .text._ZN11CEMMCDevice19HandleCardInterruptEv
                0x01f25058       0x24 emmc.o
                0x01f25058                CEMMCDevice::HandleCardInterrupt()
 .text._ZN11CEMMCDevice16HandleInterruptsEv
                0x01f2507c      0x19c emmc.o
                0x01f2507c                CEMMCDevice::HandleInterrupts()
 .text._ZN11CEMMCDevice12IssueCommandEjji.constprop.1
                0x01f25218      0x110 emmc.o
 .text._ZN11CEMMCDevice12IssueCommandEjji
                0x01f25328      0x11c emmc.o
                0x01f25328                CEMMCDevice::IssueCommand(unsigned int, unsigned int, int)
 .text._ZN11CEMMCDevice9CardResetEv
                0x01f25444      0xb14 emmc.o
                0x01f25444                CEMMCDevice::CardReset()
 .text._ZN11CEMMCDevice10InitializeEv
                0x01f25f58       0x74 emmc.o
                0x01f25f58                CEMMCDevice::Initialize()
 .text._ZN11CEMMCDevice14EnsureDataModeEv
                0x01f25fcc      0x2c0 emmc.o
                0x01f25fcc                CEMMCDevice::EnsureDataMode()
 .text._ZN11CEMMCDevice13DoDataCommandEiPhjj
                0x01f2628c      0x180 emmc.o
                0x01f2628c                CEMMCDevice::DoDataCommand(int, unsigned char*, unsigned int, unsigned int)
 .text._ZN11CEMMCDevice4ReadEPvj
                0x01f2640c       0x90 emmc.o
                0x01f2640c                CEMMCDevice::Read(void*, unsigned int)
 .text._ZN11CEMMCDevice5WriteEPKvj
                0x01f2649c       0x94 emmc.o
                0x01f2649c                CEMMCDevice::Write(void const*, unsigned int)
 .text._ZN11CEMMCDevice6DoReadEPhjj
                0x01f26530       0x58 emmc.o
                0x01f26530                CEMMCDevice::DoRead(unsigned char*, unsigned int, unsigned int)
 .text._ZN11CEMMCDevice7DoWriteEPhjj
                0x01f26588       0x5c emmc.o
                0x01f26588                CEMMCDevice::DoWrite(unsigned char*, unsigned int, unsigned int)
 .text._ZN11CEMMCDevice11TimeoutWaitEjjij
                0x01f265e4       0x8c emmc.o
                0x01f265e4                CEMMCDevice::TimeoutWait(unsigned int, unsigned int, int, unsigned int)
 .text          0x01f26670        0x0 diskio.o
 .text.disk_setEMM
                0x01f26670       0x10 diskio.o
                0x01f26670                disk_setEMM
 .text._Z12sd_card_initPP12block_device
                0x01f26680        0x8 diskio.o
                0x01f26680                sd_card_init(block_device**)
 .text._Z7sd_readPhjm
                0x01f26688       0x1c diskio.o
                0x01f26688                sd_read(unsigned char*, unsigned int, unsigned long)
 .text._Z8sd_writePhjm
                0x01f266a4       0x1c diskio.o
                0x01f266a4                sd_write(unsigned char*, unsigned int, unsigned long)
 .text.disk_status
                0x01f266c0        0x8 diskio.o
                0x01f266c0                disk_status
 .text.disk_initialize
                0x01f266c8        0x8 diskio.o
                0x01f266c8                disk_initialize
 .text.disk_read
                0x01f266d0       0x78 diskio.o
                0x01f266d0                disk_read
 .text.disk_write
                0x01f26748       0x78 diskio.o
                0x01f26748                disk_write
 .text.disk_ioctl
                0x01f267c0        0x8 diskio.o
                0x01f267c0                disk_ioctl
 .text          0x01f267c8        0x0 options.o
 .text._ZN10TextParser14SkipWhiteSpaceEv
                0x01f267c8       0x40 options.o
                0x01f267c8                TextParser::SkipWhiteSpace()
 .text._ZN10TextParser12ParseCommentEv
                0x01f26808      0x14c options.o
                0x01f26808                TextParser::ParseComment()
 .text._ZN10TextParser8GetTokenEb
                0x01f26954       0xd8 options.o
                0x01f26954                TextParser::GetToken(bool)
 .text._ZN7OptionsC2Ev
                0x01f26a2c       0x5c options.o
                0x01f26a2c                Options::Options()
                0x01f26a2c                Options::Options()
 .text._ZN7Options7ProcessEPc
                0x01f26a88      0xb28 options.o
                0x01f26a88                Options::Process(char*)
 .text._ZN7Options10GetDecimalEPc
                0x01f275b0       0x94 options.o
                0x01f275b0                Options::GetDecimal(char*)
 .text._ZNK7Options10GetRomNameEi
                0x01f27644       0x6c options.o
                0x01f27644                Options::GetRomName(int) const
 .text          0x01f276b0        0x0 Screen.o
 .text._ZN6Screen11PlotPixel32Ejj
                0x01f276b0        0xc Screen.o
                0x01f276b0                Screen::PlotPixel32(unsigned int, unsigned int)
 .text._ZN6Screen11PlotPixel24Ejj
                0x01f276bc       0x34 Screen.o
                0x01f276bc                Screen::PlotPixel24(unsigned int, unsigned int)
 .text._ZN6Screen11PlotPixel16Ejj
                0x01f276f0       0x28 Screen.o
                0x01f276f0                Screen::PlotPixel16(unsigned int, unsigned int)
 .text._ZN6Screen10PlotPixel8Ejj
                0x01f27718       0x10 Screen.o
                0x01f27718                Screen::PlotPixel8(unsigned int, unsigned int)
 .text._ZL19stbi__vertical_flipPviii
                0x01f27728       0xdc Screen.o
 .text._ZL10stbi__get8P13stbi__context
                0x01f27804       0x84 Screen.o
 .text._ZN6Screen9WriteCharEbjjhj.part.18
                0x01f27888      0x408 Screen.o
 .text._ZL26stbi__gif_parse_colortableP13stbi__contextPA4_hii
                0x01f27c90      0x194 Screen.o
 .text._ZL20stbi__zbuild_huffmanP14stbi__zhuffmanPKhi
                0x01f27e24      0x60c Screen.o
 .text._ZL27stbi__compute_huffman_codesP10stbi__zbuf
                0x01f28430      0xc60 Screen.o
 .text._ZL16stbi__parse_zlibP10stbi__zbufi
                0x01f29090     0x1b60 Screen.o
 .text._ZL13stbi__get16leP13stbi__context
                0x01f2abf0      0x104 Screen.o
 .text._ZL13stbi__get16beP13stbi__context
                0x01f2acf4      0x108 Screen.o
 .text._ZL13stbi__get32beP13stbi__context
                0x01f2adfc      0x208 Screen.o
 .text._ZL20stbi__convert_formatPhiijj.part.9
                0x01f2b004     0x2278 Screen.o
 .text._ZL26stbi__create_png_image_rawP9stbi__pngPhmimmii.isra.13
                0x01f2d27c     0x41e0 Screen.o
 .text._ZL18stbi__out_gif_codeP9stbi__gift
                0x01f3145c      0x3e4 Screen.o
 .text._ZL20stbi__parse_png_fileP9stbi__pngii.constprop.20
                0x01f31840      0xce0 Screen.o
 .text._ZL20stbi__parse_png_fileP9stbi__pngii
                0x01f32520     0x1968 Screen.o
 .text._ZL16stbi__gif_headerP13stbi__contextP9stbi__gifPii
                0x01f33e88      0x4d4 Screen.o
 .text._ZL15stbi__load_mainP13stbi__contextPiS1_S1_iP17stbi__result_infoi.isra.15
                0x01f3435c     0x35bc Screen.o
 .text.stbi_failure_reason
                0x01f37918       0x10 Screen.o
                0x01f37918                stbi_failure_reason
 .text.stbi_image_free
                0x01f37928        0x4 Screen.o
                0x01f37928                stbi_image_free
 .text.stbi_set_flip_vertically_on_load
                0x01f3792c       0x10 Screen.o
                0x01f3792c                stbi_set_flip_vertically_on_load
 .text.stbi_load_16_from_memory
                0x01f3793c      0x42c Screen.o
                0x01f3793c                stbi_load_16_from_memory
 .text.stbi_load_16_from_callbacks
                0x01f37d68      0x468 Screen.o
                0x01f37d68                stbi_load_16_from_callbacks
 .text.stbi_load_from_memory
                0x01f381d0      0x420 Screen.o
                0x01f381d0                stbi_load_from_memory
 .text.stbi_load_from_callbacks
                0x01f385f0      0x45c Screen.o
                0x01f385f0                stbi_load_from_callbacks
 .text.stbi_is_hdr_from_memory
                0x01f38a4c        0x8 Screen.o
                0x01f38a4c                stbi_is_hdr_from_memory
 .text.stbi_is_hdr_from_callbacks
                0x01f38a54        0x8 Screen.o
                0x01f38a54                stbi_is_hdr_from_callbacks
 .text._Z21stbi_hdr_to_ldr_gammaf
                0x01f38a5c        0x4 Screen.o
                0x01f38a5c                stbi_hdr_to_ldr_gamma(float)
 .text._Z21stbi_hdr_to_ldr_scalef
                0x01f38a60        0x4 Screen.o
                0x01f38a60                stbi_hdr_to_ldr_scale(float)
 .text.stbi_zlib_decode_malloc_guesssize
                0x01f38a64       0x98 Screen.o
                0x01f38a64                stbi_zlib_decode_malloc_guesssize
 .text.stbi_zlib_decode_malloc
                0x01f38afc        0xc Screen.o
                0x01f38afc                stbi_zlib_decode_malloc
 .text.stbi_zlib_decode_malloc_guesssize_headerflag
                0x01f38b08       0x9c Screen.o
                0x01f38b08                stbi_zlib_decode_malloc_guesssize_headerflag
 .text.stbi_zlib_decode_buffer
                0x01f38ba4       0x5c Screen.o
                0x01f38ba4                stbi_zlib_decode_buffer
 .text.stbi_zlib_decode_noheader_malloc
                0x01f38c00       0x94 Screen.o
                0x01f38c00                stbi_zlib_decode_noheader_malloc
 .text.stbi_zlib_decode_noheader_buffer
                0x01f38c94       0x5c Screen.o
                0x01f38c94                stbi_zlib_decode_noheader_buffer
 .text.stbi_set_unpremultiply_on_load
                0x01f38cf0       0x10 Screen.o
                0x01f38cf0                stbi_set_unpremultiply_on_load
 .text.stbi_convert_iphone_png_to_rgb
                0x01f38d00       0x10 Screen.o
                0x01f38d00                stbi_convert_iphone_png_to_rgb
 .text.stbi_info_from_memory
                0x01f38d10      0x524 Screen.o
                0x01f38d10                stbi_info_from_memory
 .text.stbi_info_from_callbacks
                0x01f39234      0x164 Screen.o
                0x01f39234                stbi_info_from_callbacks
 .text._ZN6Screen4OpenEjjj
                0x01f39398      0x1ac Screen.o
                0x01f39398                Screen::Open(unsigned int, unsigned int, unsigned int)
 .text._ZN6Screen8ClipRectERjS0_S0_S0_
                0x01f39544       0x4c Screen.o
                0x01f39544                Screen::ClipRect(unsigned int&, unsigned int&, unsigned int&, unsigned int&)
 .text._ZN6Screen9ClearAreaEjjjjj
                0x01f39590       0xa8 Screen.o
                0x01f39590                Screen::ClearArea(unsigned int, unsigned int, unsigned int, unsigned int, unsigned int)
 .text._ZN6Screen10ScrollAreaEjjjj
                0x01f39638       0x9c Screen.o
                0x01f39638                Screen::ScrollArea(unsigned int, unsigned int, unsigned int, unsigned int)
 .text._ZN6Screen5ClearEj
                0x01f396d4       0x80 Screen.o
                0x01f396d4                Screen::Clear(unsigned int)
 .text._ZN6Screen9WriteCharEbjjhj
                0x01f39754       0x20 Screen.o
                0x01f39754                Screen::WriteChar(bool, unsigned int, unsigned int, unsigned char, unsigned int)
 .text._ZN6Screen9PlotPixelEjjj
                0x01f39774       0x4c Screen.o
                0x01f39774                Screen::PlotPixel(unsigned int, unsigned int, unsigned int)
 .text._ZN6Screen8DrawLineEjjjjj
                0x01f397c0       0xf4 Screen.o
                0x01f397c0                Screen::DrawLine(unsigned int, unsigned int, unsigned int, unsigned int, unsigned int)
 .text._ZN6Screen9DrawLineVEjjjj
                0x01f398b4       0x68 Screen.o
                0x01f398b4                Screen::DrawLineV(unsigned int, unsigned int, unsigned int, unsigned int)
 .text._ZN6Screen9PrintTextEbjjPcjjbPjS1_
                0x01f3991c      0x20c Screen.o
                0x01f3991c                Screen::PrintText(bool, unsigned int, unsigned int, char*, unsigned int, unsigned int, bool, unsigned int*, unsigned int*)
 .text._ZN6Screen11MeasureTextEbPcPjS1_
                0x01f39b28       0xc8 Screen.o
                0x01f39b28                Screen::MeasureText(bool, char*, unsigned int*, unsigned int*)
 .text._ZN6Screen9PlotImageEPjiiii
                0x01f39bf0       0xa4 Screen.o
                0x01f39bf0                Screen::PlotImage(unsigned int*, int, int, int, int)
 .text          0x01f39c94        0x0 Timer.o
 .text.TimerInterruptHandler
                0x01f39c94       0xd0 Timer.o
 .text.TimerSystemInitialize
                0x01f39d64       0x68 Timer.o
                0x01f39d64                TimerSystemInitialize
 .text.TimerStartKernelTimer
                0x01f39dcc       0x78 Timer.o
                0x01f39dcc                TimerStartKernelTimer
 .text.TimerCancelKernelTimer
                0x01f39e44       0x18 Timer.o
                0x01f39e44                TimerCancelKernelTimer
 .text          0x01f39e5c        0x0 FileBrowser.o
 .text._ZN11FileBrowser10DisplayPNGER7FILINFOii.part.6
                0x01f39e5c       0xcc FileBrowser.o
 .text._ZN11FileBrowser9SelectLSTEPKc.part.10
                0x01f39f28      0x154 FileBrowser.o
 .text._ZN11FileBrowser13BrowsableList9FindEntryEPKc
                0x01f3a07c       0x78 FileBrowser.o
                0x01f3a07c                FileBrowser::BrowsableList::FindEntry(char const*)
 .text._ZN11FileBrowserC2EP9DiskCaddyP4ROMsjb
                0x01f3a0f4       0x58 FileBrowser.o
                0x01f3a0f4                FileBrowser::FileBrowser(DiskCaddy*, ROMs*, unsigned int, bool)
                0x01f3a0f4                FileBrowser::FileBrowser(DiskCaddy*, ROMs*, unsigned int, bool)
 .text._ZN11FileBrowser6ColourEi
                0x01f3a14c       0x14 FileBrowser.o
                0x01f3a14c                FileBrowser::Colour(int)
 .text._ZN11FileBrowser29RefeshDisplayForBrowsableListEPNS_13BrowsableListEib
                0x01f3a160      0x27c FileBrowser.o
                0x01f3a160                FileBrowser::RefeshDisplayForBrowsableList(FileBrowser::BrowsableList*, int, bool)
 .text._ZN11FileBrowser13RefeshDisplayEv
                0x01f3a3dc      0x210 FileBrowser.o
                0x01f3a3dc                FileBrowser::RefeshDisplay()
 .text._ZN11FileBrowser11CheckForPNGEPKcR7FILINFO
                0x01f3a5ec       0xb8 FileBrowser.o
                0x01f3a5ec                FileBrowser::CheckForPNG(char const*, FILINFO&)
 .text._ZN11FileBrowser10DisplayPNGER7FILINFOii
                0x01f3a6a4       0x30 FileBrowser.o
                0x01f3a6a4                FileBrowser::DisplayPNG(FILINFO&, int, int)
 .text._ZN11FileBrowser10DisplayPNGEv
                0x01f3a6d4       0x60 FileBrowser.o
                0x01f3a6d4                FileBrowser::DisplayPNG()
 .text._ZN11FileBrowser16GetCurrentFolderEv
                0x01f3a734        0x8 FileBrowser.o
                0x01f3a734                FileBrowser::GetCurrentFolder()
 .text._ZN11FileBrowser23FillCaddyWithSelectionsEv
                0x01f3a73c       0xb0 FileBrowser.o
                0x01f3a73c                FileBrowser::FillCaddyWithSelections()
 .text._ZN11FileBrowser9SelectLSTEPKc
                0x01f3a7ec       0x3c FileBrowser.o
                0x01f3a7ec                FileBrowser::SelectLST(char const*)
 .text._ZN11FileBrowser20UpdateInputDiskCaddyEv
                0x01f3a828       0xa8 FileBrowser.o
                0x01f3a828                FileBrowser::UpdateInputDiskCaddy()
 .text._ZN11FileBrowser16DisplayStatusBarEv
                0x01f3a8d0       0x64 FileBrowser.o
                0x01f3a8d0                FileBrowser::DisplayStatusBar()
 .text._ZN11FileBrowser11ClearScreenEv
                0x01f3a934       0x14 FileBrowser.o
                0x01f3a934                FileBrowser::ClearScreen()
 .text._ZN11FileBrowser16ShowDeviceAndROMEv
                0x01f3a948       0x84 FileBrowser.o
                0x01f3a948                FileBrowser::ShowDeviceAndROM()
 .text._ZN11FileBrowser15DisplayDiskInfoEP9DiskImagePKc
                0x01f3a9cc      0x88c FileBrowser.o
                0x01f3a9cc                FileBrowser::DisplayDiskInfo(DiskImage*, char const*)
 .text._ZNSt6vectorIN11FileBrowser13BrowsableList5EntryESaIS2_EE19_M_emplace_back_auxIJRKS2_EEEvDpOT_
                0x01f3b258       0xf4 FileBrowser.o
                0x01f3b258                void std::vector<FileBrowser::BrowsableList::Entry, std::allocator<FileBrowser::BrowsableList::Entry> >::_M_emplace_back_aux<FileBrowser::BrowsableList::Entry const&>(FileBrowser::BrowsableList::Entry const&)
                0x01f3b258                void std::vector<FileBrowser::BrowsableList::Entry, std::allocator<FileBrowser::BrowsableList::Entry> >::_M_emplace_back_aux<FileBrowser::BrowsableList::Entry const&>(FileBrowser::BrowsableList::Entry const&)
 .text._ZN11FileBrowser19AutoSelectTestImageEv
                0x01f3b34c      0x17c FileBrowser.o
                0x01f3b34c                FileBrowser::AutoSelectTestImage()
 .text._ZN11FileBrowser10AddToCaddyEPNS_13BrowsableList5EntryE
                0x01f3b4c8       0xf4 FileBrowser.o
                0x01f3b4c8                FileBrowser::AddToCaddy(FileBrowser::BrowsableList::Entry*)